<!doctype html public "-//w3c//dtd html 4.0 transitional//en">
<html><head>
<title>Static Call Graph - [.\build\nrf52840_xxaa\Cyclocomputer_BLE.axf]</title></head>
<body><HR>
<H1>Static Call Graph for image .\build\nrf52840_xxaa\Cyclocomputer_BLE.axf</H1><HR>
<BR><P>#&#060CALLGRAPH&#062# ARM Linker, 5060528: Last Updated: Sun Jul 06 12:48:31 2025
<BR><P>
<H3>Maximum Stack Usage =       1616 bytes + Unknown(Cycles, Untraceable Function Pointers)</H3><H3>
Call chain for Maximum Stack Depth:</H3>
main &rArr; BW_System_Init &rArr; GPS_List_Load &rArr; gpx_file_list &rArr; Create_GPX_Item &rArr; Dynamic_AddItem &rArr; AddItem &rArr; fileRegister &rArr; f_open &rArr; dir_register &rArr; dir_find &rArr; dir_next &rArr; create_chain &rArr; put_fat &rArr; move_window &rArr; sync_window &rArr; disk_write
<P>
<H3>
Mutually Recursive functions
</H3> <LI><a href="#[6]">NMI_Handler</a>&nbsp;&nbsp;&nbsp;&rArr;&nbsp;&nbsp;&nbsp;<a href="#[6]">NMI_Handler</a><BR>
 <LI><a href="#[7]">HardFault_Handler</a>&nbsp;&nbsp;&nbsp;&rArr;&nbsp;&nbsp;&nbsp;<a href="#[7]">HardFault_Handler</a><BR>
 <LI><a href="#[8]">MemoryManagement_Handler</a>&nbsp;&nbsp;&nbsp;&rArr;&nbsp;&nbsp;&nbsp;<a href="#[8]">MemoryManagement_Handler</a><BR>
 <LI><a href="#[9]">BusFault_Handler</a>&nbsp;&nbsp;&nbsp;&rArr;&nbsp;&nbsp;&nbsp;<a href="#[9]">BusFault_Handler</a><BR>
 <LI><a href="#[a]">UsageFault_Handler</a>&nbsp;&nbsp;&nbsp;&rArr;&nbsp;&nbsp;&nbsp;<a href="#[a]">UsageFault_Handler</a><BR>
 <LI><a href="#[b]">SVC_Handler</a>&nbsp;&nbsp;&nbsp;&rArr;&nbsp;&nbsp;&nbsp;<a href="#[b]">SVC_Handler</a><BR>
 <LI><a href="#[c]">DebugMon_Handler</a>&nbsp;&nbsp;&nbsp;&rArr;&nbsp;&nbsp;&nbsp;<a href="#[c]">DebugMon_Handler</a><BR>
 <LI><a href="#[d]">PendSV_Handler</a>&nbsp;&nbsp;&nbsp;&rArr;&nbsp;&nbsp;&nbsp;<a href="#[d]">PendSV_Handler</a><BR>
 <LI><a href="#[e]">SysTick_Handler</a>&nbsp;&nbsp;&nbsp;&rArr;&nbsp;&nbsp;&nbsp;<a href="#[e]">SysTick_Handler</a><BR>
 <LI><a href="#[1e]">CCM_AAR_IRQHandler</a>&nbsp;&nbsp;&nbsp;&rArr;&nbsp;&nbsp;&nbsp;<a href="#[1e]">CCM_AAR_IRQHandler</a><BR>
 <LI><a href="#[140]">nrf_log_frontend_dequeue</a>&nbsp;&nbsp;&nbsp;&rArr;&nbsp;&nbsp;&nbsp;<a href="#[136]">nrf_log_frontend_std_0</a><BR>
 <LI><a href="#[dd]">__asm___12_nrf_atfifo_c_51f461e1__nrf_atfifo_wspace_close</a>&nbsp;&nbsp;&nbsp;&rArr;&nbsp;&nbsp;&nbsp;<a href="#[dd]">__asm___12_nrf_atfifo_c_51f461e1__nrf_atfifo_wspace_close</a><BR>
 <LI><a href="#[de]">__asm___12_nrf_atfifo_c_51f461e1__nrf_atfifo_rspace_close</a>&nbsp;&nbsp;&nbsp;&rArr;&nbsp;&nbsp;&nbsp;<a href="#[de]">__asm___12_nrf_atfifo_c_51f461e1__nrf_atfifo_rspace_close</a><BR>
 <LI><a href="#[358]">pattern_matching</a>&nbsp;&nbsp;&nbsp;&rArr;&nbsp;&nbsp;&nbsp;<a href="#[358]">pattern_matching</a><BR>
 <LI><a href="#[cd]">nrf_fstorage_sys_evt_handler</a>&nbsp;&nbsp;&nbsp;&rArr;&nbsp;&nbsp;&nbsp;<a href="#[42d]">queue_process</a><BR>
 <LI><a href="#[304]">buffer_add</a>&nbsp;&nbsp;&nbsp;&rArr;&nbsp;&nbsp;&nbsp;<a href="#[304]">buffer_add</a><BR>
 <LI><a href="#[4b0]">pm_handler_flash_clean_on_return</a>&nbsp;&nbsp;&nbsp;&rArr;&nbsp;&nbsp;&nbsp;<a href="#[4ab]">pm_handler_flash_clean</a><BR>
 <LI><a href="#[4ad]">rank_highest</a>&nbsp;&nbsp;&nbsp;&rArr;&nbsp;&nbsp;&nbsp;<a href="#[4ab]">pm_handler_flash_clean</a><BR>
</UL>
<P>
<H3>
Function Pointers
</H3><UL>
 <LI><a href="#[5c]">BW_GPS_DeInit</a> from bw_app_gps.o(i.BW_GPS_DeInit) referenced from ui_conf.o(i.Create_Parameter)
 <LI><a href="#[5d]">BW_GPS_Init</a> from bw_app_gps.o(i.BW_GPS_Init) referenced from ui_conf.o(i.Create_Parameter)
 <LI><a href="#[5e]">BW_SDCard_DeInit</a> from bw_app_sdcard.o(i.BW_SDCard_DeInit) referenced from ui_conf.o(i.Create_Parameter)
 <LI><a href="#[5f]">BW_SDCard_Init</a> from bw_app_sdcard.o(i.BW_SDCard_Init) referenced from ui_conf.o(i.Create_Parameter)
 <LI><a href="#[9]">BusFault_Handler</a> from arm_startup_nrf52840.o(.text) referenced from arm_startup_nrf52840.o(RESET)
 <LI><a href="#[46]">Button_Timer_Handler</a> from bw_app_button.o(i.Button_Timer_Handler) referenced from bw_app_button.o(i.BW_Button_Init)
 <LI><a href="#[1e]">CCM_AAR_IRQHandler</a> from arm_startup_nrf52840.o(.text) referenced from arm_startup_nrf52840.o(RESET)
 <LI><a href="#[22]">COMP_LPCOMP_IRQHandler</a> from arm_startup_nrf52840.o(.text) referenced from arm_startup_nrf52840.o(RESET)
 <LI><a href="#[37]">CRYPTOCELL_IRQHandler</a> from arm_startup_nrf52840.o(.text) referenced from arm_startup_nrf52840.o(RESET)
 <LI><a href="#[4a]">Callback_Button_Down_Handler</a> from bw_app_button.o(i.Callback_Button_Down_Handler) referenced from bw_app_button.o(i.BW_Button_Init)
 <LI><a href="#[49]">Callback_Button_Mid_Handler</a> from bw_app_button.o(i.Callback_Button_Mid_Handler) referenced from bw_app_button.o(i.BW_Button_Init)
 <LI><a href="#[48]">Callback_Button_Top_Handler</a> from bw_app_button.o(i.Callback_Button_Top_Handler) referenced from bw_app_button.o(i.BW_Button_Init)
 <LI><a href="#[51]">Cancel</a> from bw_app_gps.o(i.Cancel) referenced from ui_conf.o(i.Create_GPX_Item)
 <LI><a href="#[c]">DebugMon_Handler</a> from arm_startup_nrf52840.o(.text) referenced from arm_startup_nrf52840.o(RESET)
 <LI><a href="#[54]">Draw_Home</a> from custom.o(i.Draw_Home) referenced from ui_conf.o(i.Create_MenuTree)
 <LI><a href="#[1d]">ECB_IRQHandler</a> from arm_startup_nrf52840.o(.text) referenced from arm_startup_nrf52840.o(RESET)
 <LI><a href="#[33]">FPU_IRQHandler</a> from arm_startup_nrf52840.o(.text) referenced from arm_startup_nrf52840.o(RESET)
 <LI><a href="#[15]">GPIOTE_IRQHandler</a> from nrfx_gpiote.o(i.GPIOTE_IRQHandler) referenced from arm_startup_nrf52840.o(RESET)
 <LI><a href="#[61]">GPX_File_Recoard_Start</a> from bw_app_gps.o(i.GPX_File_Recoard_Start) referenced from ui_conf.o(i.Create_Parameter)
 <LI><a href="#[60]">GPX_File_Recoard_Stop</a> from bw_app_gps.o(i.GPX_File_Recoard_Stop) referenced from ui_conf.o(i.Create_Parameter)
 <LI><a href="#[7]">HardFault_Handler</a> from arm_startup_nrf52840.o(.text) referenced from arm_startup_nrf52840.o(RESET)
 <LI><a href="#[32]">I2S_IRQHandler</a> from arm_startup_nrf52840.o(.text) referenced from arm_startup_nrf52840.o(RESET)
 <LI><a href="#[2d]">MWU_IRQHandler</a> from arm_startup_nrf52840.o(.text) referenced from arm_startup_nrf52840.o(RESET)
 <LI><a href="#[8]">MemoryManagement_Handler</a> from arm_startup_nrf52840.o(.text) referenced from arm_startup_nrf52840.o(RESET)
 <LI><a href="#[50]">Micro_Action_Widget</a> from micro_act.o(i.Micro_Action_Widget) referenced from ui_conf.o(i.Create_GPX_Item)
 <LI><a href="#[14]">NFCT_IRQHandler</a> from arm_startup_nrf52840.o(.text) referenced from arm_startup_nrf52840.o(RESET)
 <LI><a href="#[6]">NMI_Handler</a> from arm_startup_nrf52840.o(.text) referenced from arm_startup_nrf52840.o(RESET)
 <LI><a href="#[2c]">PDM_IRQHandler</a> from arm_startup_nrf52840.o(.text) referenced from arm_startup_nrf52840.o(RESET)
 <LI><a href="#[f]">POWER_CLOCK_IRQHandler</a> from nrfx_clock.o(i.POWER_CLOCK_IRQHandler) referenced from arm_startup_nrf52840.o(RESET)
 <LI><a href="#[2b]">PWM0_IRQHandler</a> from arm_startup_nrf52840.o(.text) referenced from arm_startup_nrf52840.o(RESET)
 <LI><a href="#[2e]">PWM1_IRQHandler</a> from arm_startup_nrf52840.o(.text) referenced from arm_startup_nrf52840.o(RESET)
 <LI><a href="#[2f]">PWM2_IRQHandler</a> from arm_startup_nrf52840.o(.text) referenced from arm_startup_nrf52840.o(RESET)
 <LI><a href="#[38]">PWM3_IRQHandler</a> from arm_startup_nrf52840.o(.text) referenced from arm_startup_nrf52840.o(RESET)
 <LI><a href="#[56]">ParameterSetting_Widget_Style1</a> from parameter.o(i.ParameterSetting_Widget_Style1) referenced from ui_conf.o(i.Create_MenuTree)
 <LI><a href="#[d]">PendSV_Handler</a> from arm_startup_nrf52840.o(.text) referenced from arm_startup_nrf52840.o(RESET)
 <LI><a href="#[21]">QDEC_IRQHandler</a> from arm_startup_nrf52840.o(.text) referenced from arm_startup_nrf52840.o(RESET)
 <LI><a href="#[36]">QSPI_IRQHandler</a> from arm_startup_nrf52840.o(.text) referenced from arm_startup_nrf52840.o(RESET)
 <LI><a href="#[10]">RADIO_IRQHandler</a> from arm_startup_nrf52840.o(.text) referenced from arm_startup_nrf52840.o(RESET)
 <LI><a href="#[1c]">RNG_IRQHandler</a> from arm_startup_nrf52840.o(.text) referenced from arm_startup_nrf52840.o(RESET)
 <LI><a href="#[1a]">RTC0_IRQHandler</a> from arm_startup_nrf52840.o(.text) referenced from arm_startup_nrf52840.o(RESET)
 <LI><a href="#[20]">RTC1_IRQHandler</a> from drv_rtc.o(i.RTC1_IRQHandler) referenced from arm_startup_nrf52840.o(RESET)
 <LI><a href="#[31]">RTC2_IRQHandler</a> from nrfx_rtc.o(i.RTC2_IRQHandler) referenced from arm_startup_nrf52840.o(RESET)
 <LI><a href="#[5]">Reset_Handler</a> from arm_startup_nrf52840.o(.text) referenced from arm_startup_nrf52840.o(RESET)
 <LI><a href="#[16]">SAADC_IRQHandler</a> from nrfx_saadc.o(i.SAADC_IRQHandler) referenced from arm_startup_nrf52840.o(RESET)
 <LI><a href="#[80]">SDcard_DeInit_for_UI</a> from sdcard.o(i.SDcard_DeInit_for_UI) referenced from fileDriver.o(i.fileDriverInit)
 <LI><a href="#[7f]">SDcard_Init_for_UI</a> from sdcard.o(i.SDcard_Init_for_UI) referenced from fileDriver.o(i.fileDriverInit)
 <LI><a href="#[81]">SDcard_State_Get</a> from sdcard.o(i.SDcard_State_Get) referenced from fileDriver.o(i.fileDriverInit)
 <LI><a href="#[12]">SPIM0_SPIS0_TWIM0_TWIS0_SPI0_TWI0_IRQHandler</a> from nrfx_spim.o(i.SPIM0_SPIS0_TWIM0_TWIS0_SPI0_TWI0_IRQHandler) referenced from nrfx_spim.o(.constdata)
 <LI><a href="#[12]">SPIM0_SPIS0_TWIM0_TWIS0_SPI0_TWI0_IRQHandler</a> from nrfx_spim.o(i.SPIM0_SPIS0_TWIM0_TWIS0_SPI0_TWI0_IRQHandler) referenced from arm_startup_nrf52840.o(RESET)
 <LI><a href="#[13]">SPIM1_SPIS1_TWIM1_TWIS1_SPI1_TWI1_IRQHandler</a> from nrfx_twim.o(i.SPIM1_SPIS1_TWIM1_TWIS1_SPI1_TWI1_IRQHandler) referenced from arm_startup_nrf52840.o(RESET)
 <LI><a href="#[30]">SPIM2_SPIS2_SPI2_IRQHandler</a> from nrfx_spi.o(i.SPIM2_SPIS2_SPI2_IRQHandler) referenced from nrfx_spi.o(.constdata)
 <LI><a href="#[30]">SPIM2_SPIS2_SPI2_IRQHandler</a> from nrfx_spi.o(i.SPIM2_SPIS2_SPI2_IRQHandler) referenced from arm_startup_nrf52840.o(RESET)
 <LI><a href="#[39]">SPIM3_IRQHandler</a> from nrfx_spim.o(i.SPIM3_IRQHandler) referenced from nrfx_spim.o(.constdata)
 <LI><a href="#[39]">SPIM3_IRQHandler</a> from nrfx_spim.o(i.SPIM3_IRQHandler) referenced from arm_startup_nrf52840.o(RESET)
 <LI><a href="#[b]">SVC_Handler</a> from arm_startup_nrf52840.o(.text) referenced from arm_startup_nrf52840.o(RESET)
 <LI><a href="#[23]">SWI0_EGU0_IRQHandler</a> from arm_startup_nrf52840.o(.text) referenced from arm_startup_nrf52840.o(RESET)
 <LI><a href="#[24]">SWI1_EGU1_IRQHandler</a> from arm_startup_nrf52840.o(.text) referenced from arm_startup_nrf52840.o(RESET)
 <LI><a href="#[25]">SWI2_EGU2_IRQHandler</a> from nrf_sdh.o(i.SWI2_EGU2_IRQHandler) referenced from arm_startup_nrf52840.o(RESET)
 <LI><a href="#[26]">SWI3_EGU3_IRQHandler</a> from arm_startup_nrf52840.o(.text) referenced from arm_startup_nrf52840.o(RESET)
 <LI><a href="#[27]">SWI4_EGU4_IRQHandler</a> from arm_startup_nrf52840.o(.text) referenced from arm_startup_nrf52840.o(RESET)
 <LI><a href="#[28]">SWI5_EGU5_IRQHandler</a> from arm_startup_nrf52840.o(.text) referenced from arm_startup_nrf52840.o(RESET)
 <LI><a href="#[5b]">SetContrast</a> from custom.o(i.SetContrast) referenced from ui_conf.o(i.Create_Parameter)
 <LI><a href="#[57]">SetPowerSave</a> from custom.o(i.SetPowerSave) referenced from ui_conf.o(i.Create_MenuTree)
 <LI><a href="#[5a]">Show_Version</a> from custom.o(i.Show_Version) referenced from ui_conf.o(i.Create_MenuTree)
 <LI><a href="#[e]">SysTick_Handler</a> from arm_startup_nrf52840.o(.text) referenced from arm_startup_nrf52840.o(RESET)
 <LI><a href="#[3b]">SystemInit</a> from system_nrf52840.o(i.SystemInit) referenced from arm_startup_nrf52840.o(.text)
 <LI><a href="#[1b]">TEMP_IRQHandler</a> from arm_startup_nrf52840.o(.text) referenced from arm_startup_nrf52840.o(RESET)
 <LI><a href="#[17]">TIMER0_IRQHandler</a> from arm_startup_nrf52840.o(.text) referenced from arm_startup_nrf52840.o(RESET)
 <LI><a href="#[18]">TIMER1_IRQHandler</a> from nrfx_timer.o(i.TIMER1_IRQHandler) referenced from arm_startup_nrf52840.o(RESET)
 <LI><a href="#[19]">TIMER2_IRQHandler</a> from arm_startup_nrf52840.o(.text) referenced from arm_startup_nrf52840.o(RESET)
 <LI><a href="#[29]">TIMER3_IRQHandler</a> from arm_startup_nrf52840.o(.text) referenced from arm_startup_nrf52840.o(RESET)
 <LI><a href="#[2a]">TIMER4_IRQHandler</a> from arm_startup_nrf52840.o(.text) referenced from arm_startup_nrf52840.o(RESET)
 <LI><a href="#[11]">UARTE0_UART0_IRQHandler</a> from nrfx_prs.o(i.UARTE0_UART0_IRQHandler) referenced from arm_startup_nrf52840.o(RESET)
 <LI><a href="#[35]">UARTE1_IRQHandler</a> from arm_startup_nrf52840.o(.text) referenced from arm_startup_nrf52840.o(RESET)
 <LI><a href="#[34]">USBD_IRQHandler</a> from arm_startup_nrf52840.o(.text) referenced from arm_startup_nrf52840.o(RESET)
 <LI><a href="#[a]">UsageFault_Handler</a> from arm_startup_nrf52840.o(.text) referenced from arm_startup_nrf52840.o(RESET)
 <LI><a href="#[1f]">WDT_IRQHandler</a> from nrfx_wdt.o(i.WDT_IRQHandler) referenced from arm_startup_nrf52840.o(RESET)
 <LI><a href="#[65]">GPX::~GPX()</a> from GPX_Link.o(i._ZN3GPXD1Ev) referenced from GPX_Link.o(i.__sti___12_GPX_Link_cpp_377852a0)
 <LI><a href="#[3c]">__main</a> from entry.o(.ARM.Collect$$$$00000000) referenced from arm_startup_nrf52840.o(.text)
 <LI><a href="#[d5]">__sti___12_GPX_Link_cpp_377852a0</a> from GPX_Link.o(i.__sti___12_GPX_Link_cpp_377852a0) referenced from GPX_Link.o(.init_array)
 <LI><a href="#[d6]">__sti___20_TinyGPSPlus_link_cpp_ff3a03c6</a> from TinyGPSPlus_link.o(i.__sti___20_TinyGPSPlus_link_cpp_ff3a03c6) referenced from TinyGPSPlus_link.o(.init_array)
 <LI><a href="#[3e]">_sbackspace</a> from _sgetc.o(.text) referenced from strtod.o(.text)
 <LI><a href="#[3d]">_sgetc</a> from _sgetc.o(.text) referenced from strtod.o(.text)
 <LI><a href="#[63]">_snputc</a> from printfa.o(i._snputc) referenced from printfa.o(i.__0snprintf)
 <LI><a href="#[64]">_sputc</a> from printfa.o(i._sputc) referenced from printfa.o(i.__0sprintf)
 <LI><a href="#[89]">app_error_fault_handler</a> from app_error_weak.o(i.app_error_fault_handler) referenced from nrf_sdh.o(i.nrf_sdh_enable_request)
 <LI><a href="#[4b]">app_gps_data_update</a> from bw_app_gps.o(i.app_gps_data_update) referenced from bw_app_gps.o(i.BW_GPS_Register)
 <LI><a href="#[c0]">app_shutdown_handler</a> from bw_ble.o(i.app_shutdown_handler) referenced from bw_ble.o(pwr_mgmt_data0)
 <LI><a href="#[82]">apply_pending_handle</a> from gatt_cache_manager.o(i.apply_pending_handle) referenced from gatt_cache_manager.o(i.gcm_ble_evt_handler)
 <LI><a href="#[c6]">ble_advertising_on_ble_evt</a> from ble_advertising.o(i.ble_advertising_on_ble_evt) referenced from bw_ble.o(sdh_ble_observers1)
 <LI><a href="#[c7]">ble_db_discovery_on_ble_evt</a> from ble_db_discovery.o(i.ble_db_discovery_on_ble_evt) referenced 2 times from bw_ble.o(sdh_ble_observers1)
 <LI><a href="#[c9]">ble_dfu_buttonless_on_ble_evt</a> from ble_dfu.o(i.ble_dfu_buttonless_on_ble_evt) referenced from ble_dfu.o(sdh_ble_observers2)
 <LI><a href="#[cf]">ble_dfu_buttonless_on_sys_evt</a> from ble_dfu_bonded.o(i.ble_dfu_buttonless_on_sys_evt) referenced from ble_dfu_bonded.o(sdh_soc_observers1)
 <LI><a href="#[92]">ble_dfu_evt_handler</a> from bw_ble.o(i.ble_dfu_evt_handler) referenced from bw_ble.o(i.services_init)
 <LI><a href="#[c1]">ble_evt_handler</a> from ble_conn_state.o(i.ble_evt_handler) referenced from ble_conn_state.o(sdh_ble_observers0)
 <LI><a href="#[c2]">ble_evt_handler</a> from ble_conn_params.o(i.ble_evt_handler) referenced 2 times from ble_conn_params.o(sdh_ble_observers1)
 <LI><a href="#[cb]">ble_evt_handler</a> from bw_ble.o(i.ble_evt_handler) referenced from bw_ble.o(sdh_ble_observers3)
 <LI><a href="#[7e]">block_dev_handler</a> from diskio_blkdev.o(i.block_dev_handler) referenced from diskio_blkdev.o(i.disk_initialize)
 <LI><a href="#[ae]">block_dev_sdc_geometry</a> from nrf_block_dev_sdc.o(i.block_dev_sdc_geometry) referenced from nrf_block_dev_sdc.o(.constdata)
 <LI><a href="#[a9]">block_dev_sdc_init</a> from nrf_block_dev_sdc.o(i.block_dev_sdc_init) referenced from nrf_block_dev_sdc.o(.constdata)
 <LI><a href="#[ad]">block_dev_sdc_ioctl</a> from nrf_block_dev_sdc.o(i.block_dev_sdc_ioctl) referenced from nrf_block_dev_sdc.o(.constdata)
 <LI><a href="#[ab]">block_dev_sdc_read_req</a> from nrf_block_dev_sdc.o(i.block_dev_sdc_read_req) referenced from nrf_block_dev_sdc.o(.constdata)
 <LI><a href="#[aa]">block_dev_sdc_uninit</a> from nrf_block_dev_sdc.o(i.block_dev_sdc_uninit) referenced from nrf_block_dev_sdc.o(.constdata)
 <LI><a href="#[ac]">block_dev_sdc_write_req</a> from nrf_block_dev_sdc.o(i.block_dev_sdc_write_req) referenced from nrf_block_dev_sdc.o(.constdata)
 <LI><a href="#[47]">bsp_button_handle_read_level</a> from bw_bsp_button_handle.o(i.bsp_button_handle_read_level) referenced from bw_app_button.o(i.BW_Button_Init)
 <LI><a href="#[78]">bsp_gps_driver_deinit</a> from bw_bsp_gps_driver.o(i.bsp_gps_driver_deinit) referenced from bw_bsp_gps_handle.o(i.bsp_gps_handle_register)
 <LI><a href="#[77]">bsp_gps_driver_init</a> from bw_bsp_gps_driver.o(i.bsp_gps_driver_init) referenced from bw_bsp_gps_handle.o(i.bsp_gps_handle_register)
 <LI><a href="#[79]">bsp_gps_driver_read</a> from bw_bsp_gps_driver.o(i.bsp_gps_driver_read) referenced from bw_bsp_gps_handle.o(i.bsp_gps_handle_register)
 <LI><a href="#[7a]">bsp_gps_driver_write</a> from bw_bsp_gps_driver.o(i.bsp_gps_driver_write) referenced from bw_bsp_gps_handle.o(i.bsp_gps_handle_register)
 <LI><a href="#[74]">bsp_gps_uart_deinit</a> from bw_bsp_gps_driver.o(i.bsp_gps_uart_deinit) referenced from bw_bsp_gps_driver.o(i.bsp_gps_driver_instance)
 <LI><a href="#[73]">bsp_gps_uart_init</a> from bw_bsp_gps_driver.o(i.bsp_gps_uart_init) referenced from bw_bsp_gps_driver.o(i.bsp_gps_driver_instance)
 <LI><a href="#[75]">bsp_gps_uart_read</a> from bw_bsp_gps_driver.o(i.bsp_gps_uart_read) referenced from bw_bsp_gps_driver.o(i.bsp_gps_driver_instance)
 <LI><a href="#[76]">bsp_gps_uart_write</a> from bw_bsp_gps_driver.o(i.bsp_gps_uart_write) referenced from bw_bsp_gps_driver.o(i.bsp_gps_driver_instance)
 <LI><a href="#[d4]">buttonless_dfu_sdh_state_observer</a> from bw_ble.o(i.buttonless_dfu_sdh_state_observer) referenced from bw_ble.o(sdh_state_observers0)
 <LI><a href="#[9d]">car_update_pending_handle</a> from gatt_cache_manager.o(i.car_update_pending_handle) referenced from gatt_cache_manager.o(i.update_pending_flags_check)
 <LI><a href="#[83]">clock_irq_handler</a> from nrf_drv_clock.o(i.clock_irq_handler) referenced from nrf_drv_clock.o(i.nrf_drv_clock_init)
 <LI><a href="#[ba]">compare_func</a> from app_timer2.o(i.compare_func) referenced from app_timer2.o(.constdata)
 <LI><a href="#[40]">conn_params_error_handler</a> from bw_ble.o(i.conn_params_error_handler) referenced from bw_ble.o(i.BW_BLE_Init)
 <LI><a href="#[41]">db_disc_handler</a> from bw_ble.o(i.db_disc_handler) referenced from bw_ble.o(i.BW_BLE_Init)
 <LI><a href="#[9c]">db_update_pending_handle</a> from gatt_cache_manager.o(i.db_update_pending_handle) referenced from gatt_cache_manager.o(i.update_pending_flags_check)
 <LI><a href="#[7d]">default_wait_func</a> from diskio_blkdev.o(i.default_wait_func) referenced from diskio_blkdev.o(i.disk_initialize)
 <LI><a href="#[59]">dial_plate_style1</a> from dial_plate.o(i.dial_plate_style1) referenced from ui_conf.o(i.Create_MenuTree)
 <LI><a href="#[6c]">disconnect</a> from bw_ble.o(i.disconnect) referenced from bw_ble.o(i.ble_dfu_evt_handler)
 <LI><a href="#[7c]">discovery_error_handler</a> from ble_db_discovery.o(i.discovery_error_handler) referenced from ble_db_discovery.o(i.characteristics_discover)
 <LI><a href="#[7c]">discovery_error_handler</a> from ble_db_discovery.o(i.discovery_error_handler) referenced from ble_db_discovery.o(i.descriptors_discover)
 <LI><a href="#[7c]">discovery_error_handler</a> from ble_db_discovery.o(i.discovery_error_handler) referenced from ble_db_discovery.o(i.discovery_start)
 <LI><a href="#[7c]">discovery_error_handler</a> from ble_db_discovery.o(i.discovery_error_handler) referenced from ble_db_discovery.o(i.on_srv_disc_completion)
 <LI><a href="#[6b]">dummy_evt_handler</a> from ble_dfu.o(i.dummy_evt_handler) referenced from ble_dfu.o(i.ble_dfu_buttonless_init)
 <LI><a href="#[b3]">erase</a> from nrf_fstorage_sd.o(i.erase) referenced from nrf_fstorage_sd.o(.constdata)
 <LI><a href="#[8b]">fds_evt_handler</a> from peer_data_storage.o(i.fds_evt_handler) referenced from peer_data_storage.o(i.pds_init)
 <LI><a href="#[52]">file_delete</a> from bw_app_sdcard.o(i.file_delete) referenced from ui_conf.o(i.Create_GPX_Item)
 <LI><a href="#[53]">file_parse</a> from bw_app_gps.o(i.file_parse) referenced from ui_conf.o(i.Create_GPX_Item)
 <LI><a href="#[4]">fs_event_handler</a> from fds.o(i.fs_event_handler) referenced 2 times from fds.o(fs_data)
 <LI><a href="#[6d]">gatt_error_handler</a> from ble_hrs_c.o(i.gatt_error_handler) referenced from ble_hrs_c.o(i.ble_hrs_c_hrm_notif_enable)
 <LI><a href="#[6e]">gatt_error_handler</a> from ble_rscs_c.o(i.gatt_error_handler) referenced from ble_rscs_c.o(i.ble_rscs_c_rsc_notif_enable)
 <LI><a href="#[9e]">gattc_write_alloc</a> from nrf_ble_gq.o(i.gattc_write_alloc) referenced from nrf_ble_gq.o(.constdata)
 <LI><a href="#[9f]">gatts_hvx_alloc</a> from nrf_ble_gq.o(i.gatts_hvx_alloc) referenced from nrf_ble_gq.o(.constdata)
 <LI><a href="#[a1]">gcm_im_evt_handler</a> from gatt_cache_manager.o(i.gcm_im_evt_handler) referenced from id_manager.o(.constdata)
 <LI><a href="#[a6]">gcm_pdb_evt_handler</a> from gatt_cache_manager.o(i.gcm_pdb_evt_handler) referenced from peer_database.o(.constdata)
 <LI><a href="#[71]">gpio_driver_deinit</a> from bw_bsp_button_driver.o(i.gpio_driver_deinit) referenced from bw_bsp_button_driver.o(i.bsp_button_driver_instance)
 <LI><a href="#[70]">gpio_driver_init</a> from bw_bsp_button_driver.o(i.gpio_driver_init) referenced from bw_bsp_button_driver.o(i.bsp_button_driver_instance)
 <LI><a href="#[72]">gpio_driver_read</a> from bw_bsp_button_driver.o(i.gpio_driver_read) referenced from bw_bsp_button_driver.o(i.bsp_button_driver_instance)
 <LI><a href="#[4c]">gps_timer_handler</a> from bw_app_gps.o(i.gps_timer_handler) referenced from bw_app_gps.o(i.BW_GPS_Register)
 <LI><a href="#[a5]">gscm_pdb_evt_handler</a> from gatts_cache_manager.o(i.gscm_pdb_evt_handler) referenced from peer_database.o(.constdata)
 <LI><a href="#[42]">hrs_c_evt_handler</a> from bw_ble.o(i.hrs_c_evt_handler) referenced from bw_ble.o(i.BW_BLE_Init)
 <LI><a href="#[af]">init</a> from nrf_fstorage_sd.o(i.init) referenced from nrf_fstorage_sd.o(.constdata)
 <LI><a href="#[b6]">is_busy</a> from nrf_fstorage_sd.o(i.is_busy) referenced from nrf_fstorage_sd.o(.constdata)
 <LI><a href="#[3f]">isspace</a> from isspace_o.o(.text) referenced from strtod.o(.text)
 <LI><a href="#[94]">link_secure_pending_handle</a> from security_manager.o(i.link_secure_pending_handle) referenced from security_manager.o(i.sm_ble_evt_handler)
 <LI><a href="#[94]">link_secure_pending_handle</a> from security_manager.o(i.link_secure_pending_handle) referenced from security_manager.o(i.sm_pdb_evt_handler)
 <LI><a href="#[3a]">main</a> from main.o(i.main) referenced from entry9a.o(.ARM.Collect$$$$0000000B)
 <LI><a href="#[c5]">nrf_ble_gatt_on_ble_evt</a> from nrf_ble_gatt.o(i.nrf_ble_gatt_on_ble_evt) referenced from bw_ble.o(sdh_ble_observers1)
 <LI><a href="#[c4]">nrf_ble_gq_on_ble_evt</a> from nrf_ble_gq.o(i.nrf_ble_gq_on_ble_evt) referenced from bw_ble.o(sdh_ble_observers1)
 <LI><a href="#[ca]">nrf_ble_qwr_on_ble_evt</a> from nrf_ble_qwr.o(i.nrf_ble_qwr_on_ble_evt) referenced 3 times from bw_ble.o(sdh_ble_observers2)
 <LI><a href="#[c8]">nrf_ble_scan_on_ble_evt</a> from nrf_ble_scan.o(i.nrf_ble_scan_on_ble_evt) referenced from bw_ble.o(sdh_ble_observers1)
 <LI><a href="#[cc]">nrf_fstorage_sdh_req_handler</a> from nrf_fstorage_sd.o(i.nrf_fstorage_sdh_req_handler) referenced from nrf_fstorage_sd.o(sdh_req_observers0)
 <LI><a href="#[d2]">nrf_fstorage_sdh_state_handler</a> from nrf_fstorage_sd.o(i.nrf_fstorage_sdh_state_handler) referenced from nrf_fstorage_sd.o(sdh_state_observers0)
 <LI><a href="#[cd]">nrf_fstorage_sys_evt_handler</a> from nrf_fstorage_sd.o(i.nrf_fstorage_sys_evt_handler) referenced from nrf_fstorage_sd.o(sdh_soc_observers0)
 <LI><a href="#[b9]">nrf_log_backend_rtt_flush</a> from nrf_log_backend_rtt.o(i.nrf_log_backend_rtt_flush) referenced from nrf_log_backend_rtt.o(.constdata)
 <LI><a href="#[b8]">nrf_log_backend_rtt_panic_set</a> from nrf_log_backend_rtt.o(i.nrf_log_backend_rtt_panic_set) referenced from nrf_log_backend_rtt.o(.constdata)
 <LI><a href="#[b7]">nrf_log_backend_rtt_put</a> from nrf_log_backend_rtt.o(i.nrf_log_backend_rtt_put) referenced from nrf_log_backend_rtt.o(.constdata)
 <LI><a href="#[91]">nrf_qwr_error_handler</a> from bw_ble.o(i.nrf_qwr_error_handler) referenced from bw_ble.o(i.services_init)
 <LI><a href="#[d0]">nrf_sdh_ble_evts_poll</a> from nrf_sdh_ble.o(i.nrf_sdh_ble_evts_poll) referenced from nrf_sdh_ble.o(sdh_stack_observers0)
 <LI><a href="#[d1]">nrf_sdh_soc_evts_poll</a> from nrf_sdh_soc.o(i.nrf_sdh_soc_evts_poll) referenced from nrf_sdh_soc.o(sdh_stack_observers0)
 <LI><a href="#[bb]">nrfx_uart_0_irq_handler</a> from nrfx_uart.o(i.nrfx_uart_0_irq_handler) referenced from nrfx_uart.o(.constdata)
 <LI><a href="#[bc]">nrfx_uarte_0_irq_handler</a> from nrfx_uarte.o(i.nrfx_uarte_0_irq_handler) referenced from nrfx_uarte.o(.constdata)
 <LI><a href="#[45]">on_adv_evt</a> from bw_ble.o(i.on_adv_evt) referenced from bw_ble.o(i.BW_BLE_Init)
 <LI><a href="#[93]">params_reply_pending_handle</a> from security_manager.o(i.params_reply_pending_handle) referenced from security_manager.o(i.sm_ble_evt_handler)
 <LI><a href="#[93]">params_reply_pending_handle</a> from security_manager.o(i.params_reply_pending_handle) referenced from security_manager.o(i.sm_pdb_evt_handler)
 <LI><a href="#[a2]">pdb_pds_evt_handler</a> from peer_database.o(i.pdb_pds_evt_handler) referenced from peer_data_storage.o(.constdata)
 <LI><a href="#[6a]">pm_evt_handler</a> from ble_dfu_bonded.o(i.pm_evt_handler) referenced from ble_dfu_bonded.o(i.ble_dfu_buttonless_backend_init)
 <LI><a href="#[8c]">pm_evt_handler</a> from bw_ble.o(i.pm_evt_handler) referenced from bw_ble.o(i.peer_manager_init)
 <LI><a href="#[2]">pm_gcm_evt_handler</a> from peer_manager.o(i.pm_gcm_evt_handler) referenced 2 times from gatt_cache_manager.o(.data)
 <LI><a href="#[3]">pm_gscm_evt_handler</a> from peer_manager.o(i.pm_gscm_evt_handler) referenced 2 times from gatts_cache_manager.o(.data)
 <LI><a href="#[a0]">pm_im_evt_handler</a> from peer_manager.o(i.pm_im_evt_handler) referenced from id_manager.o(.constdata)
 <LI><a href="#[a3]">pm_pdb_evt_handler</a> from peer_manager.o(i.pm_pdb_evt_handler) referenced from peer_database.o(.constdata)
 <LI><a href="#[a8]">pm_sm_evt_handler</a> from peer_manager.o(i.pm_sm_evt_handler) referenced from security_manager.o(.constdata)
 <LI><a href="#[b1]">read</a> from nrf_fstorage_sd.o(i.read) referenced from nrf_fstorage_sd.o(.constdata)
 <LI><a href="#[b4]">rmap</a> from nrf_fstorage_sd.o(i.rmap) referenced from nrf_fstorage_sd.o(.constdata)
 <LI><a href="#[44]">rscs_c_evt_handler</a> from bw_ble.o(i.rscs_c_evt_handler) referenced from bw_ble.o(i.BW_BLE_Init)
 <LI><a href="#[62]">rtc_handler</a> from bw_bsp_rtc_handle.o(i.rtc_handler) referenced from bw_bsp_rtc_handle.o(i.RTC_Init)
 <LI><a href="#[67]">rtc_irq</a> from app_timer2.o(i.rtc_irq) referenced from app_timer2.o(i.app_timer_init)
 <LI><a href="#[8d]">saadc_callback</a> from bw_bsp_battery_handle.o(i.saadc_callback) referenced from bw_bsp_battery_handle.o(i.saadc_init)
 <LI><a href="#[90]">sc_send_pending_handle</a> from gatt_cache_manager.o(i.sc_send_pending_handle) referenced from gatt_cache_manager.o(i.service_changed_pending_flags_check)
 <LI><a href="#[8f]">scan_evt_handler</a> from bw_ble.o(i.scan_evt_handler) referenced from bw_ble.o(i.scan_init)
 <LI><a href="#[d3]">sd_state_evt_handler</a> from nrf_drv_clock.o(i.sd_state_evt_handler) referenced from nrf_drv_clock.o(sdh_state_observers0)
 <LI><a href="#[6f]">sdc_handler</a> from nrf_block_dev_sdc.o(i.sdc_handler) referenced from nrf_block_dev_sdc.o(i.block_dev_sdc_init)
 <LI><a href="#[58]">sdcard_format</a> from bw_app_sdcard.o(i.sdcard_format) referenced from ui_conf.o(i.Create_MenuTree)
 <LI><a href="#[88]">serial_tx</a> from nrf_log_backend_rtt.o(i.serial_tx) referenced from nrf_log_backend_rtt.o(i.nrf_log_backend_rtt_put)
 <LI><a href="#[43]">service_error_handler</a> from bw_ble.o(i.service_error_handler) referenced from bw_ble.o(i.BW_BLE_Init)
 <LI><a href="#[a4]">sm_pdb_evt_handler</a> from security_manager.o(i.sm_pdb_evt_handler) referenced from peer_database.o(.constdata)
 <LI><a href="#[a7]">sm_smd_evt_handler</a> from security_manager.o(i.sm_smd_evt_handler) referenced from security_dispatcher.o(.constdata)
 <LI><a href="#[ce]">soc_evt_handler</a> from nrf_drv_clock.o(i.soc_evt_handler) referenced from nrf_drv_clock.o(sdh_soc_observers0)
 <LI><a href="#[85]">spi_evt_handler</a> from nrf_drv_spi.o(i.spi_evt_handler) referenced from nrf_drv_spi.o(i.nrf_drv_spi_init)
 <LI><a href="#[66]">spi_handler</a> from app_sdcard.o(i.spi_handler) referenced from app_sdcard.o(i.app_sdc_init)
 <LI><a href="#[8a]">spim3_event_handler</a> from hal_u8g2.o(i.spim3_event_handler) referenced from hal_u8g2.o(i.oled_spi_init)
 <LI><a href="#[84]">spim_evt_handler</a> from nrf_drv_spi.o(i.spim_evt_handler) referenced from nrf_drv_spi.o(i.nrf_drv_spi_init)
 <LI><a href="#[55]">system_reset</a> from custom.o(i.system_reset) referenced from ui_conf.o(i.Create_MenuTree)
 <LI><a href="#[8e]">timer_handler</a> from bw_bsp_battery_handle.o(i.timer_handler) referenced from bw_bsp_battery_handle.o(i.saadc_sampling_event_init)
 <LI><a href="#[bf]">u8g2_draw_l90_r2</a> from u8g2_setup.o(i.u8g2_draw_l90_r2) referenced from u8g2_setup.o(.constdata)
 <LI><a href="#[97]">u8g2_font_calc_vref_font</a> from u8g2_font.o(i.u8g2_font_calc_vref_font) referenced from u8g2_font.o(i.u8g2_SetFontPosBaseline)
 <LI><a href="#[9a]">u8g2_ll_hvline_vertical_top_lsb</a> from u8g2_ll_hvline.o(i.u8g2_ll_hvline_vertical_top_lsb) referenced from hal_u8g2.o(i.u8g2_Setup_sh1106_128x64_noname_f)
 <LI><a href="#[bd]">u8g2_update_dimension_r2</a> from u8g2_setup.o(i.u8g2_update_dimension_r2) referenced from u8g2_setup.o(.constdata)
 <LI><a href="#[be]">u8g2_update_page_win_r2</a> from u8g2_setup.o(i.u8g2_update_page_win_r2) referenced from u8g2_setup.o(.constdata)
 <LI><a href="#[95]">u8x8_ascii_next</a> from u8x8_8x8.o(i.u8x8_ascii_next) referenced from u8g2_font.o(i.u8g2_DrawStr)
 <LI><a href="#[95]">u8x8_ascii_next</a> from u8x8_8x8.o(i.u8x8_ascii_next) referenced from u8g2_font.o(i.u8g2_GetStrWidth)
 <LI><a href="#[4e]">u8x8_byte_hw_spi</a> from hal_u8g2.o(i.u8x8_byte_hw_spi) referenced from bw_app_oled.o(i.BW_OLED_Init)
 <LI><a href="#[98]">u8x8_cad_001</a> from u8x8_cad.o(i.u8x8_cad_001) referenced from hal_u8g2.o(i.u8g2_Setup_sh1106_128x64_noname_f)
 <LI><a href="#[99]">u8x8_d_sh1106_128x64_noname</a> from u8x8_d_ssd1306_128x64_noname.o(i.u8x8_d_sh1106_128x64_noname) referenced from hal_u8g2.o(i.u8g2_Setup_sh1106_128x64_noname_f)
 <LI><a href="#[9b]">u8x8_dummy_cb</a> from u8x8_setup.o(i.u8x8_dummy_cb) referenced from u8x8_setup.o(i.u8x8_SetupDefaults)
 <LI><a href="#[4d]">u8x8_gpio_and_delay_hw</a> from hal_u8g2.o(i.u8x8_gpio_and_delay_hw) referenced from bw_app_oled.o(i.BW_OLED_Init)
 <LI><a href="#[96]">u8x8_utf8_next</a> from u8x8_8x8.o(i.u8x8_utf8_next) referenced from u8g2_font.o(i.u8g2_DrawUTF8)
 <LI><a href="#[96]">u8x8_utf8_next</a> from u8x8_8x8.o(i.u8x8_utf8_next) referenced from u8g2_font.o(i.u8g2_GetUTF8Width)
 <LI><a href="#[7b]">uart_error_handle</a> from bw_bsp_gps_driver.o(i.uart_error_handle) referenced from bw_bsp_gps_driver.o(i.bsp_gps_uart_init)
 <LI><a href="#[68]">uart_event_handler</a> from app_uart_fifo.o(i.uart_event_handler) referenced from app_uart_fifo.o(i.app_uart_init)
 <LI><a href="#[87]">uart_evt_handler</a> from nrf_drv_uart.o(i.uart_evt_handler) referenced from nrf_drv_uart.o(i.nrf_drv_uart_init)
 <LI><a href="#[86]">uarte_evt_handler</a> from nrf_drv_uart.o(i.uarte_evt_handler) referenced from nrf_drv_uart.o(i.nrf_drv_uart_init)
 <LI><a href="#[b0]">uninit</a> from nrf_fstorage_sd.o(i.uninit) referenced from nrf_fstorage_sd.o(.constdata)
 <LI><a href="#[69]">update_timeout_handler</a> from ble_conn_params.o(i.update_timeout_handler) referenced from ble_conn_params.o(i.ble_conn_params_init)
 <LI><a href="#[4f]">wdt_event_handler</a> from bw_app_wdt.o(i.wdt_event_handler) referenced from bw_app_wdt.o(i.BW_WDT_Init)
 <LI><a href="#[b5]">wmap</a> from nrf_fstorage_sd.o(i.wmap) referenced from nrf_fstorage_sd.o(.constdata)
 <LI><a href="#[b2]">write</a> from nrf_fstorage_sd.o(i.write) referenced from nrf_fstorage_sd.o(.constdata)
</UL>
<P>
<H3>
Global Symbols
</H3>
<P><STRONG><a name="[3c]"></a>__main</STRONG> (Thumb, 0 bytes, Stack size unknown bytes, entry.o(.ARM.Collect$$$$00000000))
<BR>[Address Reference Count : 1]<UL><LI> arm_startup_nrf52840.o(.text)
</UL>
<P><STRONG><a name="[529]"></a>_main_stk</STRONG> (Thumb, 0 bytes, Stack size unknown bytes, entry2.o(.ARM.Collect$$$$00000001))

<P><STRONG><a name="[d8]"></a>_main_scatterload</STRONG> (Thumb, 0 bytes, Stack size unknown bytes, entry5.o(.ARM.Collect$$$$00000004))
<BR><BR>[Calls]<UL><LI><a href="#[d9]">&gt;&gt;</a>&nbsp;&nbsp;&nbsp;__scatterload
</UL>

<P><STRONG><a name="[104]"></a>__main_after_scatterload</STRONG> (Thumb, 0 bytes, Stack size unknown bytes, entry5.o(.ARM.Collect$$$$00000004))
<BR><BR>[Called By]<UL><LI><a href="#[d9]">&gt;&gt;</a>&nbsp;&nbsp;&nbsp;__scatterload
</UL>

<P><STRONG><a name="[52a]"></a>_main_clock</STRONG> (Thumb, 0 bytes, Stack size unknown bytes, entry7b.o(.ARM.Collect$$$$00000008))

<P><STRONG><a name="[da]"></a>_main_cpp_init$empty</STRONG> (Thumb, 0 bytes, Stack size unknown bytes, entry8a.o(.ARM.Collect$$$$00000009))
<BR><BR>[Stack]<UL><LI>Max Depth = 16 + Unknown Stack Size
<LI>Call Chain = _main_cpp_init$empty &rArr; __cpp_initialize__aeabi_
</UL>
<BR>[Calls]<UL><LI><a href="#[d7]">&gt;&gt;</a>&nbsp;&nbsp;&nbsp;__cpp_initialize__aeabi_
</UL>

<P><STRONG><a name="[52b]"></a>_main_cpp_init</STRONG> (Thumb, 0 bytes, Stack size unknown bytes, entry8b.o(.ARM.Collect$$$$0000000A))

<P><STRONG><a name="[52c]"></a>_main_init</STRONG> (Thumb, 0 bytes, Stack size unknown bytes, entry9a.o(.ARM.Collect$$$$0000000B))

<P><STRONG><a name="[52d]"></a>__rt_final_cpp</STRONG> (Thumb, 0 bytes, Stack size unknown bytes, entry10a.o(.ARM.Collect$$$$0000000D))

<P><STRONG><a name="[db]"></a>__rt_final_cpp$nonempty</STRONG> (Thumb, 0 bytes, Stack size unknown bytes, entry10b.o(.ARM.Collect$$$$0000000E))
<BR><BR>[Stack]<UL><LI>Max Depth = 36 + Unknown Stack Size
<LI>Call Chain = __rt_final_cpp$nonempty &rArr; __cxa_finalize &rArr; free
</UL>
<BR>[Calls]<UL><LI><a href="#[dc]">&gt;&gt;</a>&nbsp;&nbsp;&nbsp;__cxa_finalize
</UL>

<P><STRONG><a name="[52e]"></a>__rt_final_exit</STRONG> (Thumb, 0 bytes, Stack size unknown bytes, entry11a.o(.ARM.Collect$$$$0000000F))

<P><STRONG><a name="[3fe]"></a>__asm___12_nrf_atomic_c_85ca2469__nrf_atomic_internal_mov</STRONG> (Thumb, 24 bytes, Stack size 0 bytes, nrf_atomic.o(.emb_text))
<BR><BR>[Called By]<UL><LI><a href="#[323]">&gt;&gt;</a>&nbsp;&nbsp;&nbsp;nrf_atomic_u32_fetch_store
</UL>

<P><STRONG><a name="[3fd]"></a>__asm___12_nrf_atomic_c_85ca2469__nrf_atomic_internal_orr</STRONG> (Thumb, 26 bytes, Stack size 0 bytes, nrf_atomic.o(.emb_text))
<BR><BR>[Called By]<UL><LI><a href="#[3f8]">&gt;&gt;</a>&nbsp;&nbsp;&nbsp;nrf_atomic_u32_or
<LI><a href="#[3f7]">&gt;&gt;</a>&nbsp;&nbsp;&nbsp;nrf_atomic_u32_fetch_or
</UL>

<P><STRONG><a name="[3fb]"></a>__asm___12_nrf_atomic_c_85ca2469__nrf_atomic_internal_and</STRONG> (Thumb, 26 bytes, Stack size 0 bytes, nrf_atomic.o(.emb_text))
<BR><BR>[Called By]<UL><LI><a href="#[2b9]">&gt;&gt;</a>&nbsp;&nbsp;&nbsp;nrf_atomic_u32_and
<LI><a href="#[3f9]">&gt;&gt;</a>&nbsp;&nbsp;&nbsp;nrf_atomic_u32_fetch_and
</UL>

<P><STRONG><a name="[52f]"></a>__asm___12_nrf_atomic_c_85ca2469__nrf_atomic_internal_eor</STRONG> (Thumb, 26 bytes, Stack size 0 bytes, nrf_atomic.o(.emb_text), UNUSED)

<P><STRONG><a name="[3fa]"></a>__asm___12_nrf_atomic_c_85ca2469__nrf_atomic_internal_add</STRONG> (Thumb, 26 bytes, Stack size 0 bytes, nrf_atomic.o(.emb_text))
<BR><BR>[Called By]<UL><LI><a href="#[3fc]">&gt;&gt;</a>&nbsp;&nbsp;&nbsp;nrf_atomic_u32_fetch_add
<LI><a href="#[302]">&gt;&gt;</a>&nbsp;&nbsp;&nbsp;nrf_atomic_u32_add
</UL>

<P><STRONG><a name="[400]"></a>__asm___12_nrf_atomic_c_85ca2469__nrf_atomic_internal_sub</STRONG> (Thumb, 26 bytes, Stack size 0 bytes, nrf_atomic.o(.emb_text))
<BR><BR>[Called By]<UL><LI><a href="#[3ff]">&gt;&gt;</a>&nbsp;&nbsp;&nbsp;nrf_atomic_u32_sub
</UL>

<P><STRONG><a name="[530]"></a>__asm___12_nrf_atomic_c_85ca2469__nrf_atomic_internal_cmp_exch</STRONG> (Thumb, 42 bytes, Stack size 0 bytes, nrf_atomic.o(.emb_text), UNUSED)

<P><STRONG><a name="[531]"></a>__asm___12_nrf_atomic_c_85ca2469__nrf_atomic_internal_sub_hs</STRONG> (Thumb, 30 bytes, Stack size 0 bytes, nrf_atomic.o(.emb_text), UNUSED)

<P><STRONG><a name="[3f3]"></a>__asm___12_nrf_atfifo_c_51f461e1__nrf_atfifo_wspace_req</STRONG> (Thumb, 56 bytes, Stack size 0 bytes, nrf_atfifo.o(.emb_text))
<BR><BR>[Called By]<UL><LI><a href="#[346]">&gt;&gt;</a>&nbsp;&nbsp;&nbsp;nrf_atfifo_item_alloc
</UL>

<P><STRONG><a name="[dd]"></a>__asm___12_nrf_atfifo_c_51f461e1__nrf_atfifo_wspace_close</STRONG> (Thumb, 18 bytes, Stack size 0 bytes, nrf_atfifo.o(.emb_text))
<BR><BR>[Calls]<UL><LI><a href="#[dd]">&gt;&gt;</a>&nbsp;&nbsp;&nbsp;__asm___12_nrf_atfifo_c_51f461e1__nrf_atfifo_wspace_close
</UL>
<BR>[Called By]<UL><LI><a href="#[347]">&gt;&gt;</a>&nbsp;&nbsp;&nbsp;nrf_atfifo_item_put
<LI><a href="#[dd]">&gt;&gt;</a>&nbsp;&nbsp;&nbsp;__asm___12_nrf_atfifo_c_51f461e1__nrf_atfifo_wspace_close
</UL>

<P><STRONG><a name="[3f6]"></a>__asm___12_nrf_atfifo_c_51f461e1__nrf_atfifo_rspace_req</STRONG> (Thumb, 58 bytes, Stack size 0 bytes, nrf_atfifo.o(.emb_text))
<BR><BR>[Called By]<UL><LI><a href="#[3f5]">&gt;&gt;</a>&nbsp;&nbsp;&nbsp;nrf_atfifo_item_get
</UL>

<P><STRONG><a name="[de]"></a>__asm___12_nrf_atfifo_c_51f461e1__nrf_atfifo_rspace_close</STRONG> (Thumb, 18 bytes, Stack size 0 bytes, nrf_atfifo.o(.emb_text))
<BR><BR>[Calls]<UL><LI><a href="#[de]">&gt;&gt;</a>&nbsp;&nbsp;&nbsp;__asm___12_nrf_atfifo_c_51f461e1__nrf_atfifo_rspace_close
</UL>
<BR>[Called By]<UL><LI><a href="#[3f4]">&gt;&gt;</a>&nbsp;&nbsp;&nbsp;nrf_atfifo_item_free
<LI><a href="#[de]">&gt;&gt;</a>&nbsp;&nbsp;&nbsp;__asm___12_nrf_atfifo_c_51f461e1__nrf_atfifo_rspace_close
</UL>

<P><STRONG><a name="[3f2]"></a>__asm___12_nrf_atfifo_c_51f461e1__nrf_atfifo_space_clear</STRONG> (Thumb, 50 bytes, Stack size 0 bytes, nrf_atfifo.o(.emb_text))
<BR><BR>[Called By]<UL><LI><a href="#[3f1]">&gt;&gt;</a>&nbsp;&nbsp;&nbsp;nrf_atfifo_clear
</UL>

<P><STRONG><a name="[5]"></a>Reset_Handler</STRONG> (Thumb, 8 bytes, Stack size 0 bytes, arm_startup_nrf52840.o(.text))
<BR>[Address Reference Count : 1]<UL><LI> arm_startup_nrf52840.o(RESET)
</UL>
<P><STRONG><a name="[6]"></a>NMI_Handler</STRONG> (Thumb, 2 bytes, Stack size 0 bytes, arm_startup_nrf52840.o(.text))
<BR><BR>[Calls]<UL><LI><a href="#[6]">&gt;&gt;</a>&nbsp;&nbsp;&nbsp;NMI_Handler
</UL>
<BR>[Called By]<UL><LI><a href="#[6]">&gt;&gt;</a>&nbsp;&nbsp;&nbsp;NMI_Handler
</UL>
<BR>[Address Reference Count : 1]<UL><LI> arm_startup_nrf52840.o(RESET)
</UL>
<P><STRONG><a name="[7]"></a>HardFault_Handler</STRONG> (Thumb, 2 bytes, Stack size 0 bytes, arm_startup_nrf52840.o(.text))
<BR><BR>[Calls]<UL><LI><a href="#[7]">&gt;&gt;</a>&nbsp;&nbsp;&nbsp;HardFault_Handler
</UL>
<BR>[Called By]<UL><LI><a href="#[7]">&gt;&gt;</a>&nbsp;&nbsp;&nbsp;HardFault_Handler
</UL>
<BR>[Address Reference Count : 1]<UL><LI> arm_startup_nrf52840.o(RESET)
</UL>
<P><STRONG><a name="[8]"></a>MemoryManagement_Handler</STRONG> (Thumb, 2 bytes, Stack size 0 bytes, arm_startup_nrf52840.o(.text))
<BR><BR>[Calls]<UL><LI><a href="#[8]">&gt;&gt;</a>&nbsp;&nbsp;&nbsp;MemoryManagement_Handler
</UL>
<BR>[Called By]<UL><LI><a href="#[8]">&gt;&gt;</a>&nbsp;&nbsp;&nbsp;MemoryManagement_Handler
</UL>
<BR>[Address Reference Count : 1]<UL><LI> arm_startup_nrf52840.o(RESET)
</UL>
<P><STRONG><a name="[9]"></a>BusFault_Handler</STRONG> (Thumb, 2 bytes, Stack size 0 bytes, arm_startup_nrf52840.o(.text))
<BR><BR>[Calls]<UL><LI><a href="#[9]">&gt;&gt;</a>&nbsp;&nbsp;&nbsp;BusFault_Handler
</UL>
<BR>[Called By]<UL><LI><a href="#[9]">&gt;&gt;</a>&nbsp;&nbsp;&nbsp;BusFault_Handler
</UL>
<BR>[Address Reference Count : 1]<UL><LI> arm_startup_nrf52840.o(RESET)
</UL>
<P><STRONG><a name="[a]"></a>UsageFault_Handler</STRONG> (Thumb, 2 bytes, Stack size 0 bytes, arm_startup_nrf52840.o(.text))
<BR><BR>[Calls]<UL><LI><a href="#[a]">&gt;&gt;</a>&nbsp;&nbsp;&nbsp;UsageFault_Handler
</UL>
<BR>[Called By]<UL><LI><a href="#[a]">&gt;&gt;</a>&nbsp;&nbsp;&nbsp;UsageFault_Handler
</UL>
<BR>[Address Reference Count : 1]<UL><LI> arm_startup_nrf52840.o(RESET)
</UL>
<P><STRONG><a name="[b]"></a>SVC_Handler</STRONG> (Thumb, 2 bytes, Stack size 0 bytes, arm_startup_nrf52840.o(.text))
<BR><BR>[Calls]<UL><LI><a href="#[b]">&gt;&gt;</a>&nbsp;&nbsp;&nbsp;SVC_Handler
</UL>
<BR>[Called By]<UL><LI><a href="#[b]">&gt;&gt;</a>&nbsp;&nbsp;&nbsp;SVC_Handler
</UL>
<BR>[Address Reference Count : 1]<UL><LI> arm_startup_nrf52840.o(RESET)
</UL>
<P><STRONG><a name="[c]"></a>DebugMon_Handler</STRONG> (Thumb, 2 bytes, Stack size 0 bytes, arm_startup_nrf52840.o(.text))
<BR><BR>[Calls]<UL><LI><a href="#[c]">&gt;&gt;</a>&nbsp;&nbsp;&nbsp;DebugMon_Handler
</UL>
<BR>[Called By]<UL><LI><a href="#[c]">&gt;&gt;</a>&nbsp;&nbsp;&nbsp;DebugMon_Handler
</UL>
<BR>[Address Reference Count : 1]<UL><LI> arm_startup_nrf52840.o(RESET)
</UL>
<P><STRONG><a name="[d]"></a>PendSV_Handler</STRONG> (Thumb, 2 bytes, Stack size 0 bytes, arm_startup_nrf52840.o(.text))
<BR><BR>[Calls]<UL><LI><a href="#[d]">&gt;&gt;</a>&nbsp;&nbsp;&nbsp;PendSV_Handler
</UL>
<BR>[Called By]<UL><LI><a href="#[d]">&gt;&gt;</a>&nbsp;&nbsp;&nbsp;PendSV_Handler
</UL>
<BR>[Address Reference Count : 1]<UL><LI> arm_startup_nrf52840.o(RESET)
</UL>
<P><STRONG><a name="[e]"></a>SysTick_Handler</STRONG> (Thumb, 2 bytes, Stack size 0 bytes, arm_startup_nrf52840.o(.text))
<BR><BR>[Calls]<UL><LI><a href="#[e]">&gt;&gt;</a>&nbsp;&nbsp;&nbsp;SysTick_Handler
</UL>
<BR>[Called By]<UL><LI><a href="#[e]">&gt;&gt;</a>&nbsp;&nbsp;&nbsp;SysTick_Handler
</UL>
<BR>[Address Reference Count : 1]<UL><LI> arm_startup_nrf52840.o(RESET)
</UL>
<P><STRONG><a name="[1e]"></a>CCM_AAR_IRQHandler</STRONG> (Thumb, 0 bytes, Stack size 0 bytes, arm_startup_nrf52840.o(.text))
<BR><BR>[Calls]<UL><LI><a href="#[1e]">&gt;&gt;</a>&nbsp;&nbsp;&nbsp;CCM_AAR_IRQHandler
</UL>
<BR>[Called By]<UL><LI><a href="#[1e]">&gt;&gt;</a>&nbsp;&nbsp;&nbsp;CCM_AAR_IRQHandler
</UL>
<BR>[Address Reference Count : 1]<UL><LI> arm_startup_nrf52840.o(RESET)
</UL>
<P><STRONG><a name="[22]"></a>COMP_LPCOMP_IRQHandler</STRONG> (Thumb, 0 bytes, Stack size 0 bytes, arm_startup_nrf52840.o(.text))
<BR>[Address Reference Count : 1]<UL><LI> arm_startup_nrf52840.o(RESET)
</UL>
<P><STRONG><a name="[37]"></a>CRYPTOCELL_IRQHandler</STRONG> (Thumb, 0 bytes, Stack size 0 bytes, arm_startup_nrf52840.o(.text))
<BR>[Address Reference Count : 1]<UL><LI> arm_startup_nrf52840.o(RESET)
</UL>
<P><STRONG><a name="[1d]"></a>ECB_IRQHandler</STRONG> (Thumb, 0 bytes, Stack size 0 bytes, arm_startup_nrf52840.o(.text))
<BR>[Address Reference Count : 1]<UL><LI> arm_startup_nrf52840.o(RESET)
</UL>
<P><STRONG><a name="[33]"></a>FPU_IRQHandler</STRONG> (Thumb, 0 bytes, Stack size 0 bytes, arm_startup_nrf52840.o(.text))
<BR>[Address Reference Count : 1]<UL><LI> arm_startup_nrf52840.o(RESET)
</UL>
<P><STRONG><a name="[32]"></a>I2S_IRQHandler</STRONG> (Thumb, 0 bytes, Stack size 0 bytes, arm_startup_nrf52840.o(.text))
<BR>[Address Reference Count : 1]<UL><LI> arm_startup_nrf52840.o(RESET)
</UL>
<P><STRONG><a name="[2d]"></a>MWU_IRQHandler</STRONG> (Thumb, 0 bytes, Stack size 0 bytes, arm_startup_nrf52840.o(.text))
<BR>[Address Reference Count : 1]<UL><LI> arm_startup_nrf52840.o(RESET)
</UL>
<P><STRONG><a name="[14]"></a>NFCT_IRQHandler</STRONG> (Thumb, 0 bytes, Stack size 0 bytes, arm_startup_nrf52840.o(.text))
<BR>[Address Reference Count : 1]<UL><LI> arm_startup_nrf52840.o(RESET)
</UL>
<P><STRONG><a name="[2c]"></a>PDM_IRQHandler</STRONG> (Thumb, 0 bytes, Stack size 0 bytes, arm_startup_nrf52840.o(.text))
<BR>[Address Reference Count : 1]<UL><LI> arm_startup_nrf52840.o(RESET)
</UL>
<P><STRONG><a name="[2b]"></a>PWM0_IRQHandler</STRONG> (Thumb, 0 bytes, Stack size 0 bytes, arm_startup_nrf52840.o(.text))
<BR>[Address Reference Count : 1]<UL><LI> arm_startup_nrf52840.o(RESET)
</UL>
<P><STRONG><a name="[2e]"></a>PWM1_IRQHandler</STRONG> (Thumb, 0 bytes, Stack size 0 bytes, arm_startup_nrf52840.o(.text))
<BR>[Address Reference Count : 1]<UL><LI> arm_startup_nrf52840.o(RESET)
</UL>
<P><STRONG><a name="[2f]"></a>PWM2_IRQHandler</STRONG> (Thumb, 0 bytes, Stack size 0 bytes, arm_startup_nrf52840.o(.text))
<BR>[Address Reference Count : 1]<UL><LI> arm_startup_nrf52840.o(RESET)
</UL>
<P><STRONG><a name="[38]"></a>PWM3_IRQHandler</STRONG> (Thumb, 0 bytes, Stack size 0 bytes, arm_startup_nrf52840.o(.text))
<BR>[Address Reference Count : 1]<UL><LI> arm_startup_nrf52840.o(RESET)
</UL>
<P><STRONG><a name="[21]"></a>QDEC_IRQHandler</STRONG> (Thumb, 0 bytes, Stack size 0 bytes, arm_startup_nrf52840.o(.text))
<BR>[Address Reference Count : 1]<UL><LI> arm_startup_nrf52840.o(RESET)
</UL>
<P><STRONG><a name="[36]"></a>QSPI_IRQHandler</STRONG> (Thumb, 0 bytes, Stack size 0 bytes, arm_startup_nrf52840.o(.text))
<BR>[Address Reference Count : 1]<UL><LI> arm_startup_nrf52840.o(RESET)
</UL>
<P><STRONG><a name="[10]"></a>RADIO_IRQHandler</STRONG> (Thumb, 0 bytes, Stack size 0 bytes, arm_startup_nrf52840.o(.text))
<BR>[Address Reference Count : 1]<UL><LI> arm_startup_nrf52840.o(RESET)
</UL>
<P><STRONG><a name="[1c]"></a>RNG_IRQHandler</STRONG> (Thumb, 0 bytes, Stack size 0 bytes, arm_startup_nrf52840.o(.text))
<BR>[Address Reference Count : 1]<UL><LI> arm_startup_nrf52840.o(RESET)
</UL>
<P><STRONG><a name="[1a]"></a>RTC0_IRQHandler</STRONG> (Thumb, 0 bytes, Stack size 0 bytes, arm_startup_nrf52840.o(.text))
<BR>[Address Reference Count : 1]<UL><LI> arm_startup_nrf52840.o(RESET)
</UL>
<P><STRONG><a name="[23]"></a>SWI0_EGU0_IRQHandler</STRONG> (Thumb, 0 bytes, Stack size 0 bytes, arm_startup_nrf52840.o(.text))
<BR>[Address Reference Count : 1]<UL><LI> arm_startup_nrf52840.o(RESET)
</UL>
<P><STRONG><a name="[24]"></a>SWI1_EGU1_IRQHandler</STRONG> (Thumb, 0 bytes, Stack size 0 bytes, arm_startup_nrf52840.o(.text))
<BR>[Address Reference Count : 1]<UL><LI> arm_startup_nrf52840.o(RESET)
</UL>
<P><STRONG><a name="[26]"></a>SWI3_EGU3_IRQHandler</STRONG> (Thumb, 0 bytes, Stack size 0 bytes, arm_startup_nrf52840.o(.text))
<BR>[Address Reference Count : 1]<UL><LI> arm_startup_nrf52840.o(RESET)
</UL>
<P><STRONG><a name="[27]"></a>SWI4_EGU4_IRQHandler</STRONG> (Thumb, 0 bytes, Stack size 0 bytes, arm_startup_nrf52840.o(.text))
<BR>[Address Reference Count : 1]<UL><LI> arm_startup_nrf52840.o(RESET)
</UL>
<P><STRONG><a name="[28]"></a>SWI5_EGU5_IRQHandler</STRONG> (Thumb, 0 bytes, Stack size 0 bytes, arm_startup_nrf52840.o(.text))
<BR>[Address Reference Count : 1]<UL><LI> arm_startup_nrf52840.o(RESET)
</UL>
<P><STRONG><a name="[1b]"></a>TEMP_IRQHandler</STRONG> (Thumb, 0 bytes, Stack size 0 bytes, arm_startup_nrf52840.o(.text))
<BR>[Address Reference Count : 1]<UL><LI> arm_startup_nrf52840.o(RESET)
</UL>
<P><STRONG><a name="[17]"></a>TIMER0_IRQHandler</STRONG> (Thumb, 0 bytes, Stack size 0 bytes, arm_startup_nrf52840.o(.text))
<BR>[Address Reference Count : 1]<UL><LI> arm_startup_nrf52840.o(RESET)
</UL>
<P><STRONG><a name="[19]"></a>TIMER2_IRQHandler</STRONG> (Thumb, 0 bytes, Stack size 0 bytes, arm_startup_nrf52840.o(.text))
<BR>[Address Reference Count : 1]<UL><LI> arm_startup_nrf52840.o(RESET)
</UL>
<P><STRONG><a name="[29]"></a>TIMER3_IRQHandler</STRONG> (Thumb, 0 bytes, Stack size 0 bytes, arm_startup_nrf52840.o(.text))
<BR>[Address Reference Count : 1]<UL><LI> arm_startup_nrf52840.o(RESET)
</UL>
<P><STRONG><a name="[2a]"></a>TIMER4_IRQHandler</STRONG> (Thumb, 0 bytes, Stack size 0 bytes, arm_startup_nrf52840.o(.text))
<BR>[Address Reference Count : 1]<UL><LI> arm_startup_nrf52840.o(RESET)
</UL>
<P><STRONG><a name="[35]"></a>UARTE1_IRQHandler</STRONG> (Thumb, 0 bytes, Stack size 0 bytes, arm_startup_nrf52840.o(.text))
<BR>[Address Reference Count : 1]<UL><LI> arm_startup_nrf52840.o(RESET)
</UL>
<P><STRONG><a name="[34]"></a>USBD_IRQHandler</STRONG> (Thumb, 0 bytes, Stack size 0 bytes, arm_startup_nrf52840.o(.text))
<BR>[Address Reference Count : 1]<UL><LI> arm_startup_nrf52840.o(RESET)
</UL>
<P><STRONG><a name="[df]"></a>__aeabi_uldivmod</STRONG> (Thumb, 98 bytes, Stack size 40 bytes, uldiv.o(.text))
<BR><BR>[Stack]<UL><LI>Max Depth = 40<LI>Call Chain = __aeabi_uldivmod
</UL>
<BR>[Calls]<UL><LI><a href="#[e0]">&gt;&gt;</a>&nbsp;&nbsp;&nbsp;__aeabi_llsr
<LI><a href="#[e1]">&gt;&gt;</a>&nbsp;&nbsp;&nbsp;__aeabi_llsl
</UL>
<BR>[Called By]<UL><LI><a href="#[156]">&gt;&gt;</a>&nbsp;&nbsp;&nbsp;nrfx_wdt_init
<LI><a href="#[234]">&gt;&gt;</a>&nbsp;&nbsp;&nbsp;_printf_core
<LI><a href="#[24e]">&gt;&gt;</a>&nbsp;&nbsp;&nbsp;_fp_digits
</UL>

<P><STRONG><a name="[e1]"></a>__aeabi_llsl</STRONG> (Thumb, 30 bytes, Stack size 0 bytes, llshl.o(.text))
<BR><BR>[Called By]<UL><LI><a href="#[ef]">&gt;&gt;</a>&nbsp;&nbsp;&nbsp;__aeabi_dadd
<LI><a href="#[df]">&gt;&gt;</a>&nbsp;&nbsp;&nbsp;__aeabi_uldivmod
<LI><a href="#[f1]">&gt;&gt;</a>&nbsp;&nbsp;&nbsp;_double_epilogue
<LI><a href="#[103]">&gt;&gt;</a>&nbsp;&nbsp;&nbsp;__aeabi_d2ulz
</UL>

<P><STRONG><a name="[532]"></a>_ll_shift_l</STRONG> (Thumb, 0 bytes, Stack size 0 bytes, llshl.o(.text), UNUSED)

<P><STRONG><a name="[e0]"></a>__aeabi_llsr</STRONG> (Thumb, 32 bytes, Stack size 0 bytes, llushr.o(.text))
<BR><BR>[Called By]<UL><LI><a href="#[f9]">&gt;&gt;</a>&nbsp;&nbsp;&nbsp;__aeabi_d2iz
<LI><a href="#[15b]">&gt;&gt;</a>&nbsp;&nbsp;&nbsp;saadc_sampling_event_init
<LI><a href="#[df]">&gt;&gt;</a>&nbsp;&nbsp;&nbsp;__aeabi_uldivmod
<LI><a href="#[102]">&gt;&gt;</a>&nbsp;&nbsp;&nbsp;_dsqrt
<LI><a href="#[f1]">&gt;&gt;</a>&nbsp;&nbsp;&nbsp;_double_epilogue
<LI><a href="#[103]">&gt;&gt;</a>&nbsp;&nbsp;&nbsp;__aeabi_d2ulz
</UL>

<P><STRONG><a name="[533]"></a>_ll_ushift_r</STRONG> (Thumb, 0 bytes, Stack size 0 bytes, llushr.o(.text), UNUSED)

<P><STRONG><a name="[e2]"></a>__rt_ctype_table</STRONG> (Thumb, 4 bytes, Stack size 0 bytes, ctype_o.o(.text))
<BR><BR>[Called By]<UL><LI><a href="#[44c]">&gt;&gt;</a>&nbsp;&nbsp;&nbsp;nrf_log_hexdump_entry_process
<LI><a href="#[1f2]">&gt;&gt;</a>&nbsp;&nbsp;&nbsp;TinyGPSPlus::parseDegrees(const char*, RawDegrees&)
<LI><a href="#[1f1]">&gt;&gt;</a>&nbsp;&nbsp;&nbsp;TinyGPSPlus::parseDecimal(const char*)
<LI><a href="#[3f]">&gt;&gt;</a>&nbsp;&nbsp;&nbsp;isspace
<LI><a href="#[ea]">&gt;&gt;</a>&nbsp;&nbsp;&nbsp;strtol
</UL>

<P><STRONG><a name="[3f]"></a>isspace</STRONG> (Thumb, 18 bytes, Stack size 8 bytes, isspace_o.o(.text))
<BR><BR>[Stack]<UL><LI>Max Depth = 8<LI>Call Chain = isspace
</UL>
<BR>[Calls]<UL><LI><a href="#[e2]">&gt;&gt;</a>&nbsp;&nbsp;&nbsp;__rt_ctype_table
</UL>
<BR>[Address Reference Count : 1]<UL><LI> strtod.o(.text)
</UL>
<P><STRONG><a name="[14e]"></a>rand</STRONG> (Thumb, 20 bytes, Stack size 0 bytes, rand.o(.text))
<BR><BR>[Called By]<UL><LI><a href="#[14d]">&gt;&gt;</a>&nbsp;&nbsp;&nbsp;BW_System_Task
<LI><a href="#[1d1]">&gt;&gt;</a>&nbsp;&nbsp;&nbsp;UI_Disapper
</UL>

<P><STRONG><a name="[534]"></a>srand</STRONG> (Thumb, 6 bytes, Stack size 0 bytes, rand.o(.text), UNUSED)

<P><STRONG><a name="[e3]"></a>mktime</STRONG> (Thumb, 150 bytes, Stack size 16 bytes, mktime.o(.text))
<BR><BR>[Stack]<UL><LI>Max Depth = 24<LI>Call Chain = mktime &rArr; _localtime
</UL>
<BR>[Calls]<UL><LI><a href="#[e4]">&gt;&gt;</a>&nbsp;&nbsp;&nbsp;_localtime
</UL>
<BR>[Called By]<UL><LI><a href="#[144]">&gt;&gt;</a>&nbsp;&nbsp;&nbsp;BW_RTC_SetTime
</UL>

<P><STRONG><a name="[535]"></a>___aeabi_memcpy8$move</STRONG> (Thumb, 0 bytes, Stack size 8 bytes, memmovea.o(.text), UNUSED)

<P><STRONG><a name="[1a2]"></a>__aeabi_memcpy</STRONG> (Thumb, 64 bytes, Stack size 8 bytes, memmovea.o(.text))
<BR><BR>[Stack]<UL><LI>Max Depth = 8<LI>Call Chain = __aeabi_memcpy
</UL>
<BR>[Called By]<UL><LI><a href="#[345]">&gt;&gt;</a>&nbsp;&nbsp;&nbsp;retrieve_peer_data
<LI><a href="#[339]">&gt;&gt;</a>&nbsp;&nbsp;&nbsp;discovery_complete_evt_trigger
<LI><a href="#[2a6]">&gt;&gt;</a>&nbsp;&nbsp;&nbsp;service_data_encode
<LI><a href="#[2a5]">&gt;&gt;</a>&nbsp;&nbsp;&nbsp;manuf_specific_data_encode
<LI><a href="#[308]">&gt;&gt;</a>&nbsp;&nbsp;&nbsp;pds_peer_data_read
<LI><a href="#[412]">&gt;&gt;</a>&nbsp;&nbsp;&nbsp;nrf_ble_scan_init
<LI><a href="#[38b]">&gt;&gt;</a>&nbsp;&nbsp;&nbsp;nrf_ble_scan_filter_set
<LI><a href="#[40b]">&gt;&gt;</a>&nbsp;&nbsp;&nbsp;nrf_queue_push
<LI><a href="#[459]">&gt;&gt;</a>&nbsp;&nbsp;&nbsp;nrf_queue_generic_pop
<LI><a href="#[b1]">&gt;&gt;</a>&nbsp;&nbsp;&nbsp;read
<LI><a href="#[3ea]">&gt;&gt;</a>&nbsp;&nbsp;&nbsp;memobj_op
<LI><a href="#[1e4]">&gt;&gt;</a>&nbsp;&nbsp;&nbsp;_WriteNoCheck
<LI><a href="#[1e5]">&gt;&gt;</a>&nbsp;&nbsp;&nbsp;_WriteBlocking
<LI><a href="#[163]">&gt;&gt;</a>&nbsp;&nbsp;&nbsp;Dynamic_AddItem
<LI><a href="#[218]">&gt;&gt;</a>&nbsp;&nbsp;&nbsp;String::replace(const String&, const String&)
<LI><a href="#[249]">&gt;&gt;</a>&nbsp;&nbsp;&nbsp;internal_alloc
</UL>

<P><STRONG><a name="[149]"></a>__aeabi_memcpy4</STRONG> (Thumb, 0 bytes, Stack size 8 bytes, memmovea.o(.text))
<BR><BR>[Stack]<UL><LI>Max Depth = 8<LI>Call Chain = __aeabi_memcpy4
</UL>
<BR>[Called By]<UL><LI><a href="#[345]">&gt;&gt;</a>&nbsp;&nbsp;&nbsp;retrieve_peer_data
<LI><a href="#[7c]">&gt;&gt;</a>&nbsp;&nbsp;&nbsp;discovery_error_handler
<LI><a href="#[2ad]">&gt;&gt;</a>&nbsp;&nbsp;&nbsp;ble_advertising_modes_config_set
<LI><a href="#[126]">&gt;&gt;</a>&nbsp;&nbsp;&nbsp;ble_advertising_init
<LI><a href="#[2ba]">&gt;&gt;</a>&nbsp;&nbsp;&nbsp;conn_handle_list_get
<LI><a href="#[c1]">&gt;&gt;</a>&nbsp;&nbsp;&nbsp;ble_evt_handler
<LI><a href="#[120]">&gt;&gt;</a>&nbsp;&nbsp;&nbsp;ble_conn_params_init
<LI><a href="#[2e1]">&gt;&gt;</a>&nbsp;&nbsp;&nbsp;im_ble_evt_handler
<LI><a href="#[2e3]">&gt;&gt;</a>&nbsp;&nbsp;&nbsp;gcm_ble_evt_handler
<LI><a href="#[4d0]">&gt;&gt;</a>&nbsp;&nbsp;&nbsp;service_changed_send_in_evt
<LI><a href="#[3e6]">&gt;&gt;</a>&nbsp;&nbsp;&nbsp;send_unexpected_error
<LI><a href="#[324]">&gt;&gt;</a>&nbsp;&nbsp;&nbsp;local_db_update_in_evt
<LI><a href="#[c5]">&gt;&gt;</a>&nbsp;&nbsp;&nbsp;nrf_ble_gatt_on_ble_evt
<LI><a href="#[4b0]">&gt;&gt;</a>&nbsp;&nbsp;&nbsp;pm_handler_flash_clean_on_return
<LI><a href="#[36c]">&gt;&gt;</a>&nbsp;&nbsp;&nbsp;peer_data_delete_process
<LI><a href="#[34b]">&gt;&gt;</a>&nbsp;&nbsp;&nbsp;new_evt
<LI><a href="#[4dc]">&gt;&gt;</a>&nbsp;&nbsp;&nbsp;smd_ble_evt_handler
<LI><a href="#[297]">&gt;&gt;</a>&nbsp;&nbsp;&nbsp;send_unexpected_error
<LI><a href="#[3e1]">&gt;&gt;</a>&nbsp;&nbsp;&nbsp;sec_proc_start
<LI><a href="#[314]">&gt;&gt;</a>&nbsp;&nbsp;&nbsp;conn_sec_failure
<LI><a href="#[28f]">&gt;&gt;</a>&nbsp;&nbsp;&nbsp;auth_status_success_process
<LI><a href="#[26a]">&gt;&gt;</a>&nbsp;&nbsp;&nbsp;nrf_drv_spi_init
<LI><a href="#[281]">&gt;&gt;</a>&nbsp;&nbsp;&nbsp;nrf_drv_uart_init
<LI><a href="#[27f]">&gt;&gt;</a>&nbsp;&nbsp;&nbsp;app_uart_init
<LI><a href="#[1e7]">&gt;&gt;</a>&nbsp;&nbsp;&nbsp;twim_irq_handler
<LI><a href="#[148]">&gt;&gt;</a>&nbsp;&nbsp;&nbsp;BW_System_Init
<LI><a href="#[62]">&gt;&gt;</a>&nbsp;&nbsp;&nbsp;rtc_handler
<LI><a href="#[1fb]">&gt;&gt;</a>&nbsp;&nbsp;&nbsp;TinyGPSLocation::commit()
<LI><a href="#[73]">&gt;&gt;</a>&nbsp;&nbsp;&nbsp;bsp_gps_uart_init
<LI><a href="#[480]">&gt;&gt;</a>&nbsp;&nbsp;&nbsp;oled_spi_init
</UL>

<P><STRONG><a name="[22f]"></a>__aeabi_memmove</STRONG> (Thumb, 0 bytes, Stack size 8 bytes, memmovea.o(.text))
<BR><BR>[Stack]<UL><LI>Max Depth = 8<LI>Call Chain = __aeabi_memmove
</UL>
<BR>[Called By]<UL><LI><a href="#[2f1]">&gt;&gt;</a>&nbsp;&nbsp;&nbsp;hrm_encode
<LI><a href="#[218]">&gt;&gt;</a>&nbsp;&nbsp;&nbsp;String::replace(const String&, const String&)
</UL>

<P><STRONG><a name="[536]"></a>__aeabi_memmove4</STRONG> (Thumb, 0 bytes, Stack size 8 bytes, memmovea.o(.text), UNUSED)

<P><STRONG><a name="[537]"></a>__aeabi_memmove8</STRONG> (Thumb, 0 bytes, Stack size 8 bytes, memmovea.o(.text), UNUSED)

<P><STRONG><a name="[e6]"></a>__aeabi_memset</STRONG> (Thumb, 14 bytes, Stack size 0 bytes, memseta.o(.text))
<BR><BR>[Called By]<UL><LI><a href="#[e7]">&gt;&gt;</a>&nbsp;&nbsp;&nbsp;_memset$wrapper
<LI><a href="#[e5]">&gt;&gt;</a>&nbsp;&nbsp;&nbsp;__aeabi_memclr
</UL>

<P><STRONG><a name="[538]"></a>__aeabi_memset4</STRONG> (Thumb, 0 bytes, Stack size 0 bytes, memseta.o(.text), UNUSED)

<P><STRONG><a name="[539]"></a>__aeabi_memset8</STRONG> (Thumb, 0 bytes, Stack size 0 bytes, memseta.o(.text), UNUSED)

<P><STRONG><a name="[e5]"></a>__aeabi_memclr</STRONG> (Thumb, 4 bytes, Stack size 0 bytes, memseta.o(.text))
<BR><BR>[Calls]<UL><LI><a href="#[e6]">&gt;&gt;</a>&nbsp;&nbsp;&nbsp;__aeabi_memset
</UL>
<BR>[Called By]<UL><LI><a href="#[38a]">&gt;&gt;</a>&nbsp;&nbsp;&nbsp;nrf_ble_scan_all_filter_remove
<LI><a href="#[4d8]">&gt;&gt;</a>&nbsp;&nbsp;&nbsp;sec_keyset_fill
<LI><a href="#[381]">&gt;&gt;</a>&nbsp;&nbsp;&nbsp;fds_stat
<LI><a href="#[13e]">&gt;&gt;</a>&nbsp;&nbsp;&nbsp;u8g2_ClearBuffer
<LI><a href="#[316]">&gt;&gt;</a>&nbsp;&nbsp;&nbsp;filePathSearch
<LI><a href="#[388]">&gt;&gt;</a>&nbsp;&nbsp;&nbsp;filefolderPathSearch
</UL>

<P><STRONG><a name="[11f]"></a>__aeabi_memclr4</STRONG> (Thumb, 0 bytes, Stack size 0 bytes, memseta.o(.text))
<BR><BR>[Called By]<UL><LI><a href="#[345]">&gt;&gt;</a>&nbsp;&nbsp;&nbsp;retrieve_peer_data
<LI><a href="#[2d5]">&gt;&gt;</a>&nbsp;&nbsp;&nbsp;ble_dfu_buttonless_char_add
<LI><a href="#[29f]">&gt;&gt;</a>&nbsp;&nbsp;&nbsp;descriptor_add
<LI><a href="#[29d]">&gt;&gt;</a>&nbsp;&nbsp;&nbsp;characteristic_add
<LI><a href="#[29c]">&gt;&gt;</a>&nbsp;&nbsp;&nbsp;battery_level_char_add
<LI><a href="#[482]">&gt;&gt;</a>&nbsp;&nbsp;&nbsp;on_srv_disc_completion
<LI><a href="#[2cd]">&gt;&gt;</a>&nbsp;&nbsp;&nbsp;discovery_start
<LI><a href="#[338]">&gt;&gt;</a>&nbsp;&nbsp;&nbsp;discovery_available_evt_trigger
<LI><a href="#[329]">&gt;&gt;</a>&nbsp;&nbsp;&nbsp;descriptors_discover
<LI><a href="#[30a]">&gt;&gt;</a>&nbsp;&nbsp;&nbsp;characteristics_discover
<LI><a href="#[259]">&gt;&gt;</a>&nbsp;&nbsp;&nbsp;ble_advertising_start
<LI><a href="#[2f5]">&gt;&gt;</a>&nbsp;&nbsp;&nbsp;ble_rscs_c_rsc_notif_enable
<LI><a href="#[2f6]">&gt;&gt;</a>&nbsp;&nbsp;&nbsp;ble_rscs_init
<LI><a href="#[2ed]">&gt;&gt;</a>&nbsp;&nbsp;&nbsp;ble_hrs_c_hrm_notif_enable
<LI><a href="#[2f2]">&gt;&gt;</a>&nbsp;&nbsp;&nbsp;ble_hrs_init
<LI><a href="#[25a]">&gt;&gt;</a>&nbsp;&nbsp;&nbsp;ah
<LI><a href="#[3bd]">&gt;&gt;</a>&nbsp;&nbsp;&nbsp;service_changed_pending_set
<LI><a href="#[28e]">&gt;&gt;</a>&nbsp;&nbsp;&nbsp;local_db_apply_in_evt
<LI><a href="#[417]">&gt;&gt;</a>&nbsp;&nbsp;&nbsp;nrf_ble_scan_start
<LI><a href="#[c8]">&gt;&gt;</a>&nbsp;&nbsp;&nbsp;nrf_ble_scan_on_ble_evt
<LI><a href="#[412]">&gt;&gt;</a>&nbsp;&nbsp;&nbsp;nrf_ble_scan_init
<LI><a href="#[415]">&gt;&gt;</a>&nbsp;&nbsp;&nbsp;nrf_ble_scan_on_adv_report
<LI><a href="#[40f]">&gt;&gt;</a>&nbsp;&nbsp;&nbsp;nrf_ble_scan_connect_with_target
<LI><a href="#[4ad]">&gt;&gt;</a>&nbsp;&nbsp;&nbsp;rank_highest
<LI><a href="#[4ac]">&gt;&gt;</a>&nbsp;&nbsp;&nbsp;pm_peer_rank_highest
<LI><a href="#[c3]">&gt;&gt;</a>&nbsp;&nbsp;&nbsp;ble_evt_handler
<LI><a href="#[a3]">&gt;&gt;</a>&nbsp;&nbsp;&nbsp;pm_pdb_evt_handler
<LI><a href="#[498]">&gt;&gt;</a>&nbsp;&nbsp;&nbsp;peer_id_init
<LI><a href="#[373]">&gt;&gt;</a>&nbsp;&nbsp;&nbsp;fds_init
<LI><a href="#[8b]">&gt;&gt;</a>&nbsp;&nbsp;&nbsp;fds_evt_handler
<LI><a href="#[34b]">&gt;&gt;</a>&nbsp;&nbsp;&nbsp;new_evt
<LI><a href="#[4de]">&gt;&gt;</a>&nbsp;&nbsp;&nbsp;smd_params_reply
<LI><a href="#[295]">&gt;&gt;</a>&nbsp;&nbsp;&nbsp;send_config_req
<LI><a href="#[b2]">&gt;&gt;</a>&nbsp;&nbsp;&nbsp;write
<LI><a href="#[b0]">&gt;&gt;</a>&nbsp;&nbsp;&nbsp;uninit
<LI><a href="#[349]">&gt;&gt;</a>&nbsp;&nbsp;&nbsp;event_send
<LI><a href="#[b3]">&gt;&gt;</a>&nbsp;&nbsp;&nbsp;erase
<LI><a href="#[390]">&gt;&gt;</a>&nbsp;&nbsp;&nbsp;queue_process
<LI><a href="#[36f]">&gt;&gt;</a>&nbsp;&nbsp;&nbsp;queue_buf_get
<LI><a href="#[448]">&gt;&gt;</a>&nbsp;&nbsp;&nbsp;nrf_log_backend_serial_put
<LI><a href="#[130]">&gt;&gt;</a>&nbsp;&nbsp;&nbsp;button_init
<LI><a href="#[125]">&gt;&gt;</a>&nbsp;&nbsp;&nbsp;services_init
<LI><a href="#[92]">&gt;&gt;</a>&nbsp;&nbsp;&nbsp;ble_dfu_evt_handler
<LI><a href="#[1b7]">&gt;&gt;</a>&nbsp;&nbsp;&nbsp;gpx_getTrakSegOpen
<LI><a href="#[1ba]">&gt;&gt;</a>&nbsp;&nbsp;&nbsp;gpx_getTrakSegClose
<LI><a href="#[1b5]">&gt;&gt;</a>&nbsp;&nbsp;&nbsp;gpx_getTrakOpen
<LI><a href="#[1bb]">&gt;&gt;</a>&nbsp;&nbsp;&nbsp;gpx_getTrakClose
<LI><a href="#[3b7]">&gt;&gt;</a>&nbsp;&nbsp;&nbsp;gpx_getPt
<LI><a href="#[1b2]">&gt;&gt;</a>&nbsp;&nbsp;&nbsp;gpx_getOpen
<LI><a href="#[1b4]">&gt;&gt;</a>&nbsp;&nbsp;&nbsp;gpx_getMetaData
<LI><a href="#[1b6]">&gt;&gt;</a>&nbsp;&nbsp;&nbsp;gpx_getInfo
<LI><a href="#[1bc]">&gt;&gt;</a>&nbsp;&nbsp;&nbsp;gpx_getClose
<LI><a href="#[60]">&gt;&gt;</a>&nbsp;&nbsp;&nbsp;GPX_File_Recoard_Stop
<LI><a href="#[61]">&gt;&gt;</a>&nbsp;&nbsp;&nbsp;GPX_File_Recoard_Start
<LI><a href="#[16b]">&gt;&gt;</a>&nbsp;&nbsp;&nbsp;f_contentRead
<LI><a href="#[1c7]">&gt;&gt;</a>&nbsp;&nbsp;&nbsp;ParameterSetting_Widget_Style2
<LI><a href="#[56]">&gt;&gt;</a>&nbsp;&nbsp;&nbsp;ParameterSetting_Widget_Style1
<LI><a href="#[1c3]">&gt;&gt;</a>&nbsp;&nbsp;&nbsp;Notifications
<LI><a href="#[199]">&gt;&gt;</a>&nbsp;&nbsp;&nbsp;Draw_TextPage
<LI><a href="#[113]">&gt;&gt;</a>&nbsp;&nbsp;&nbsp;BW_BLE_Init
</UL>

<P><STRONG><a name="[53a]"></a>__aeabi_memclr8</STRONG> (Thumb, 0 bytes, Stack size 0 bytes, memseta.o(.text), UNUSED)

<P><STRONG><a name="[e7]"></a>_memset$wrapper</STRONG> (Thumb, 18 bytes, Stack size 8 bytes, memseta.o(.text), UNUSED)
<BR><BR>[Calls]<UL><LI><a href="#[e6]">&gt;&gt;</a>&nbsp;&nbsp;&nbsp;__aeabi_memset
</UL>

<P><STRONG><a name="[1b3]"></a>strcat</STRONG> (Thumb, 24 bytes, Stack size 0 bytes, strcat.o(.text))
<BR><BR>[Called By]<UL><LI><a href="#[316]">&gt;&gt;</a>&nbsp;&nbsp;&nbsp;filePathSearch
<LI><a href="#[60]">&gt;&gt;</a>&nbsp;&nbsp;&nbsp;GPX_File_Recoard_Stop
<LI><a href="#[61]">&gt;&gt;</a>&nbsp;&nbsp;&nbsp;GPX_File_Recoard_Start
<LI><a href="#[388]">&gt;&gt;</a>&nbsp;&nbsp;&nbsp;filefolderPathSearch
</UL>

<P><STRONG><a name="[232]"></a>strstr</STRONG> (Thumb, 36 bytes, Stack size 12 bytes, strstr.o(.text))
<BR><BR>[Stack]<UL><LI>Max Depth = 12<LI>Call Chain = strstr
</UL>
<BR>[Called By]<UL><LI><a href="#[386]">&gt;&gt;</a>&nbsp;&nbsp;&nbsp;gpx_file_parse_point_draw
<LI><a href="#[385]">&gt;&gt;</a>&nbsp;&nbsp;&nbsp;gpx_file_parse_limit_calculate
<LI><a href="#[3b4]">&gt;&gt;</a>&nbsp;&nbsp;&nbsp;gpx_parse
<LI><a href="#[22e]">&gt;&gt;</a>&nbsp;&nbsp;&nbsp;std::strstr(char*, const char*)
</UL>

<P><STRONG><a name="[19c]"></a>strncpy</STRONG> (Thumb, 24 bytes, Stack size 8 bytes, strncpy.o(.text))
<BR><BR>[Stack]<UL><LI>Max Depth = 8<LI>Call Chain = strncpy
</UL>
<BR>[Called By]<UL><LI><a href="#[1c7]">&gt;&gt;</a>&nbsp;&nbsp;&nbsp;ParameterSetting_Widget_Style2
<LI><a href="#[199]">&gt;&gt;</a>&nbsp;&nbsp;&nbsp;Draw_TextPage
<LI><a href="#[202]">&gt;&gt;</a>&nbsp;&nbsp;&nbsp;TinyGPSCustom::set(const char*)
</UL>

<P><STRONG><a name="[1a0]"></a>strlen</STRONG> (Thumb, 14 bytes, Stack size 0 bytes, strlen.o(.text))
<BR><BR>[Called By]<UL><LI><a href="#[2a8]">&gt;&gt;</a>&nbsp;&nbsp;&nbsp;ble_advdata_name_find
<LI><a href="#[38b]">&gt;&gt;</a>&nbsp;&nbsp;&nbsp;nrf_ble_scan_filter_set
<LI><a href="#[42a]">&gt;&gt;</a>&nbsp;&nbsp;&nbsp;nrf_fprintf_fmt
<LI><a href="#[386]">&gt;&gt;</a>&nbsp;&nbsp;&nbsp;gpx_file_parse_point_draw
<LI><a href="#[11c]">&gt;&gt;</a>&nbsp;&nbsp;&nbsp;scan_init
<LI><a href="#[389]">&gt;&gt;</a>&nbsp;&nbsp;&nbsp;filter_settings_change
<LI><a href="#[3b6]">&gt;&gt;</a>&nbsp;&nbsp;&nbsp;write_gpx
<LI><a href="#[60]">&gt;&gt;</a>&nbsp;&nbsp;&nbsp;GPX_File_Recoard_Stop
<LI><a href="#[61]">&gt;&gt;</a>&nbsp;&nbsp;&nbsp;GPX_File_Recoard_Start
<LI><a href="#[16b]">&gt;&gt;</a>&nbsp;&nbsp;&nbsp;f_contentRead
<LI><a href="#[1cc]">&gt;&gt;</a>&nbsp;&nbsp;&nbsp;contentWrite
<LI><a href="#[1cf]">&gt;&gt;</a>&nbsp;&nbsp;&nbsp;Text_Widget
<LI><a href="#[196]">&gt;&gt;</a>&nbsp;&nbsp;&nbsp;Get_StrLen
<LI><a href="#[163]">&gt;&gt;</a>&nbsp;&nbsp;&nbsp;Dynamic_AddItem
<LI><a href="#[219]">&gt;&gt;</a>&nbsp;&nbsp;&nbsp;operator +(const StringSumHelper&, const char*)
<LI><a href="#[20d]">&gt;&gt;</a>&nbsp;&nbsp;&nbsp;String::String(const char*)
<LI><a href="#[22b]">&gt;&gt;</a>&nbsp;&nbsp;&nbsp;String::concat(const char*)
<LI><a href="#[384]">&gt;&gt;</a>&nbsp;&nbsp;&nbsp;inverted_str
</UL>

<P><STRONG><a name="[1ff]"></a>strcmp</STRONG> (Thumb, 28 bytes, Stack size 8 bytes, strcmp.o(.text))
<BR><BR>[Stack]<UL><LI>Max Depth = 8<LI>Call Chain = strcmp
</UL>
<BR>[Called By]<UL><LI><a href="#[38b]">&gt;&gt;</a>&nbsp;&nbsp;&nbsp;nrf_ble_scan_filter_set
<LI><a href="#[1f8]">&gt;&gt;</a>&nbsp;&nbsp;&nbsp;TinyGPSPlus::endOfTermHandler()
</UL>

<P><STRONG><a name="[256]"></a>memcmp</STRONG> (Thumb, 26 bytes, Stack size 12 bytes, memcmp.o(.text))
<BR><BR>[Stack]<UL><LI>Max Depth = 12<LI>Call Chain = memcmp
</UL>
<BR>[Called By]<UL><LI><a href="#[2ab]">&gt;&gt;</a>&nbsp;&nbsp;&nbsp;ble_advdata_uuid_find
<LI><a href="#[2a8]">&gt;&gt;</a>&nbsp;&nbsp;&nbsp;ble_advdata_name_find
<LI><a href="#[3c2]">&gt;&gt;</a>&nbsp;&nbsp;&nbsp;im_address_resolve
<LI><a href="#[255]">&gt;&gt;</a>&nbsp;&nbsp;&nbsp;addr_compare
<LI><a href="#[3bf]">&gt;&gt;</a>&nbsp;&nbsp;&nbsp;gscm_local_db_cache_update
<LI><a href="#[3c8]">&gt;&gt;</a>&nbsp;&nbsp;&nbsp;im_master_ids_compare
<LI><a href="#[3c6]">&gt;&gt;</a>&nbsp;&nbsp;&nbsp;im_is_duplicate_bonding_data
</UL>

<P><STRONG><a name="[1ca]"></a>strcpy</STRONG> (Thumb, 18 bytes, Stack size 0 bytes, strcpy.o(.text))
<BR><BR>[Called By]<UL><LI><a href="#[1e1]">&gt;&gt;</a>&nbsp;&nbsp;&nbsp;_DoInit
<LI><a href="#[1b7]">&gt;&gt;</a>&nbsp;&nbsp;&nbsp;gpx_getTrakSegOpen
<LI><a href="#[1ba]">&gt;&gt;</a>&nbsp;&nbsp;&nbsp;gpx_getTrakSegClose
<LI><a href="#[1b5]">&gt;&gt;</a>&nbsp;&nbsp;&nbsp;gpx_getTrakOpen
<LI><a href="#[1bb]">&gt;&gt;</a>&nbsp;&nbsp;&nbsp;gpx_getTrakClose
<LI><a href="#[3b7]">&gt;&gt;</a>&nbsp;&nbsp;&nbsp;gpx_getPt
<LI><a href="#[1b2]">&gt;&gt;</a>&nbsp;&nbsp;&nbsp;gpx_getOpen
<LI><a href="#[1b4]">&gt;&gt;</a>&nbsp;&nbsp;&nbsp;gpx_getMetaData
<LI><a href="#[1b6]">&gt;&gt;</a>&nbsp;&nbsp;&nbsp;gpx_getInfo
<LI><a href="#[1bc]">&gt;&gt;</a>&nbsp;&nbsp;&nbsp;gpx_getClose
<LI><a href="#[1c7]">&gt;&gt;</a>&nbsp;&nbsp;&nbsp;ParameterSetting_Widget_Style2
<LI><a href="#[218]">&gt;&gt;</a>&nbsp;&nbsp;&nbsp;String::replace(const String&, const String&)
<LI><a href="#[22c]">&gt;&gt;</a>&nbsp;&nbsp;&nbsp;String::concat(const char*, unsigned)
<LI><a href="#[229]">&gt;&gt;</a>&nbsp;&nbsp;&nbsp;String::copy(const char*, unsigned)
<LI><a href="#[1fe]">&gt;&gt;</a>&nbsp;&nbsp;&nbsp;TinyGPSCustom::commit()
</UL>

<P><STRONG><a name="[e8]"></a>atoi</STRONG> (Thumb, 26 bytes, Stack size 16 bytes, atoi.o(.text))
<BR><BR>[Stack]<UL><LI>Max Depth = 88<LI>Call Chain = atoi &rArr; strtol &rArr; _strtoul
</UL>
<BR>[Calls]<UL><LI><a href="#[ea]">&gt;&gt;</a>&nbsp;&nbsp;&nbsp;strtol
<LI><a href="#[e9]">&gt;&gt;</a>&nbsp;&nbsp;&nbsp;__aeabi_errno_addr
</UL>
<BR>[Called By]<UL><LI><a href="#[1c7]">&gt;&gt;</a>&nbsp;&nbsp;&nbsp;ParameterSetting_Widget_Style2
</UL>

<P><STRONG><a name="[eb]"></a>atol</STRONG> (Thumb, 26 bytes, Stack size 16 bytes, atol.o(.text))
<BR><BR>[Stack]<UL><LI>Max Depth = 88<LI>Call Chain = atol &rArr; strtol &rArr; _strtoul
</UL>
<BR>[Calls]<UL><LI><a href="#[ea]">&gt;&gt;</a>&nbsp;&nbsp;&nbsp;strtol
<LI><a href="#[e9]">&gt;&gt;</a>&nbsp;&nbsp;&nbsp;__aeabi_errno_addr
</UL>
<BR>[Called By]<UL><LI><a href="#[1f8]">&gt;&gt;</a>&nbsp;&nbsp;&nbsp;TinyGPSPlus::endOfTermHandler()
<LI><a href="#[1f2]">&gt;&gt;</a>&nbsp;&nbsp;&nbsp;TinyGPSPlus::parseDegrees(const char*, RawDegrees&)
<LI><a href="#[1f1]">&gt;&gt;</a>&nbsp;&nbsp;&nbsp;TinyGPSPlus::parseDecimal(const char*)
</UL>

<P><STRONG><a name="[d7]"></a>__cpp_initialize__aeabi_</STRONG> (Thumb, 22 bytes, Stack size 16 bytes, cpp_init.o(.text))
<BR><BR>[Stack]<UL><LI>Max Depth = 16<LI>Call Chain = __cpp_initialize__aeabi_
</UL>
<BR>[Called By]<UL><LI><a href="#[da]">&gt;&gt;</a>&nbsp;&nbsp;&nbsp;_main_cpp_init$empty
</UL>

<P><STRONG><a name="[ec]"></a>__aeabi_atexit</STRONG> (Thumb, 46 bytes, Stack size 24 bytes, aeabi_atexit.o(.text))
<BR><BR>[Stack]<UL><LI>Max Depth = 88<LI>Call Chain = __aeabi_atexit &rArr; malloc &rArr; internal_alloc &rArr; __aeabi_memcpy
</UL>
<BR>[Calls]<UL><LI><a href="#[ee]">&gt;&gt;</a>&nbsp;&nbsp;&nbsp;__rt_ddtor_pointer_addr
<LI><a href="#[ed]">&gt;&gt;</a>&nbsp;&nbsp;&nbsp;malloc
</UL>
<BR>[Called By]<UL><LI><a href="#[d5]">&gt;&gt;</a>&nbsp;&nbsp;&nbsp;__sti___12_GPX_Link_cpp_377852a0
</UL>

<P><STRONG><a name="[ef]"></a>__aeabi_dadd</STRONG> (Thumb, 322 bytes, Stack size 48 bytes, dadd.o(.text))
<BR><BR>[Stack]<UL><LI>Max Depth = 88<LI>Call Chain = __aeabi_dadd &rArr; _double_epilogue &rArr; _double_round
</UL>
<BR>[Calls]<UL><LI><a href="#[e1]">&gt;&gt;</a>&nbsp;&nbsp;&nbsp;__aeabi_llsl
<LI><a href="#[f0]">&gt;&gt;</a>&nbsp;&nbsp;&nbsp;__aeabi_lasr
<LI><a href="#[f2]">&gt;&gt;</a>&nbsp;&nbsp;&nbsp;_double_round
<LI><a href="#[f1]">&gt;&gt;</a>&nbsp;&nbsp;&nbsp;_double_epilogue
</UL>
<BR>[Called By]<UL><LI><a href="#[f3]">&gt;&gt;</a>&nbsp;&nbsp;&nbsp;__aeabi_dsub
<LI><a href="#[f4]">&gt;&gt;</a>&nbsp;&nbsp;&nbsp;__aeabi_drsub
<LI><a href="#[20b]">&gt;&gt;</a>&nbsp;&nbsp;&nbsp;TinyGPSLocation::lng()
<LI><a href="#[20a]">&gt;&gt;</a>&nbsp;&nbsp;&nbsp;TinyGPSLocation::lat()
<LI><a href="#[1f3]">&gt;&gt;</a>&nbsp;&nbsp;&nbsp;TinyGPSPlus::distanceBetween(double, double, double, double)
<LI><a href="#[23b]">&gt;&gt;</a>&nbsp;&nbsp;&nbsp;__kernel_poly
<LI><a href="#[242]">&gt;&gt;</a>&nbsp;&nbsp;&nbsp;__kernel_sin
<LI><a href="#[241]">&gt;&gt;</a>&nbsp;&nbsp;&nbsp;__ieee754_rem_pio2
<LI><a href="#[23c]">&gt;&gt;</a>&nbsp;&nbsp;&nbsp;__mathlib_dbl_infnan2
<LI><a href="#[237]">&gt;&gt;</a>&nbsp;&nbsp;&nbsp;__mathlib_dbl_infnan
<LI><a href="#[236]">&gt;&gt;</a>&nbsp;&nbsp;&nbsp;__hardfp_atan
<LI><a href="#[24e]">&gt;&gt;</a>&nbsp;&nbsp;&nbsp;_fp_digits
</UL>

<P><STRONG><a name="[f3]"></a>__aeabi_dsub</STRONG> (Thumb, 6 bytes, Stack size 0 bytes, dadd.o(.text))
<BR><BR>[Stack]<UL><LI>Max Depth = 88<LI>Call Chain = __aeabi_dsub &rArr; __aeabi_dadd &rArr; _double_epilogue &rArr; _double_round
</UL>
<BR>[Calls]<UL><LI><a href="#[ef]">&gt;&gt;</a>&nbsp;&nbsp;&nbsp;__aeabi_dadd
</UL>
<BR>[Called By]<UL><LI><a href="#[3b6]">&gt;&gt;</a>&nbsp;&nbsp;&nbsp;write_gpx
<LI><a href="#[1f3]">&gt;&gt;</a>&nbsp;&nbsp;&nbsp;TinyGPSPlus::distanceBetween(double, double, double, double)
<LI><a href="#[1f7]">&gt;&gt;</a>&nbsp;&nbsp;&nbsp;__hardfp_atan2
<LI><a href="#[242]">&gt;&gt;</a>&nbsp;&nbsp;&nbsp;__kernel_sin
<LI><a href="#[241]">&gt;&gt;</a>&nbsp;&nbsp;&nbsp;__ieee754_rem_pio2
<LI><a href="#[243]">&gt;&gt;</a>&nbsp;&nbsp;&nbsp;__kernel_cos
<LI><a href="#[236]">&gt;&gt;</a>&nbsp;&nbsp;&nbsp;__hardfp_atan
</UL>

<P><STRONG><a name="[f4]"></a>__aeabi_drsub</STRONG> (Thumb, 6 bytes, Stack size 0 bytes, dadd.o(.text))
<BR><BR>[Stack]<UL><LI>Max Depth = 88<LI>Call Chain = __aeabi_drsub &rArr; __aeabi_dadd &rArr; _double_epilogue &rArr; _double_round
</UL>
<BR>[Calls]<UL><LI><a href="#[ef]">&gt;&gt;</a>&nbsp;&nbsp;&nbsp;__aeabi_dadd
</UL>
<BR>[Called By]<UL><LI><a href="#[1f3]">&gt;&gt;</a>&nbsp;&nbsp;&nbsp;TinyGPSPlus::distanceBetween(double, double, double, double)
<LI><a href="#[1f7]">&gt;&gt;</a>&nbsp;&nbsp;&nbsp;__hardfp_atan2
<LI><a href="#[242]">&gt;&gt;</a>&nbsp;&nbsp;&nbsp;__kernel_sin
<LI><a href="#[241]">&gt;&gt;</a>&nbsp;&nbsp;&nbsp;__ieee754_rem_pio2
<LI><a href="#[243]">&gt;&gt;</a>&nbsp;&nbsp;&nbsp;__kernel_cos
<LI><a href="#[236]">&gt;&gt;</a>&nbsp;&nbsp;&nbsp;__hardfp_atan
</UL>

<P><STRONG><a name="[f5]"></a>__aeabi_dmul</STRONG> (Thumb, 228 bytes, Stack size 48 bytes, dmul.o(.text))
<BR><BR>[Stack]<UL><LI>Max Depth = 88<LI>Call Chain = __aeabi_dmul &rArr; _double_epilogue &rArr; _double_round
</UL>
<BR>[Calls]<UL><LI><a href="#[f1]">&gt;&gt;</a>&nbsp;&nbsp;&nbsp;_double_epilogue
</UL>
<BR>[Called By]<UL><LI><a href="#[263]">&gt;&gt;</a>&nbsp;&nbsp;&nbsp;get_gps_data
<LI><a href="#[3b6]">&gt;&gt;</a>&nbsp;&nbsp;&nbsp;write_gpx
<LI><a href="#[1f3]">&gt;&gt;</a>&nbsp;&nbsp;&nbsp;TinyGPSPlus::distanceBetween(double, double, double, double)
<LI><a href="#[209]">&gt;&gt;</a>&nbsp;&nbsp;&nbsp;TinyGPSAltitude::kilometers()
<LI><a href="#[105]">&gt;&gt;</a>&nbsp;&nbsp;&nbsp;_fp_value
<LI><a href="#[23b]">&gt;&gt;</a>&nbsp;&nbsp;&nbsp;__kernel_poly
<LI><a href="#[242]">&gt;&gt;</a>&nbsp;&nbsp;&nbsp;__kernel_sin
<LI><a href="#[241]">&gt;&gt;</a>&nbsp;&nbsp;&nbsp;__ieee754_rem_pio2
<LI><a href="#[239]">&gt;&gt;</a>&nbsp;&nbsp;&nbsp;__mathlib_dbl_underflow
<LI><a href="#[243]">&gt;&gt;</a>&nbsp;&nbsp;&nbsp;__kernel_cos
<LI><a href="#[236]">&gt;&gt;</a>&nbsp;&nbsp;&nbsp;__hardfp_atan
<LI><a href="#[24e]">&gt;&gt;</a>&nbsp;&nbsp;&nbsp;_fp_digits
</UL>

<P><STRONG><a name="[f6]"></a>__aeabi_ddiv</STRONG> (Thumb, 222 bytes, Stack size 32 bytes, ddiv.o(.text))
<BR><BR>[Stack]<UL><LI>Max Depth = 40<LI>Call Chain = __aeabi_ddiv &rArr; _double_round
</UL>
<BR>[Calls]<UL><LI><a href="#[f2]">&gt;&gt;</a>&nbsp;&nbsp;&nbsp;_double_round
</UL>
<BR>[Called By]<UL><LI><a href="#[263]">&gt;&gt;</a>&nbsp;&nbsp;&nbsp;get_gps_data
<LI><a href="#[3b6]">&gt;&gt;</a>&nbsp;&nbsp;&nbsp;write_gpx
<LI><a href="#[20b]">&gt;&gt;</a>&nbsp;&nbsp;&nbsp;TinyGPSLocation::lng()
<LI><a href="#[20a]">&gt;&gt;</a>&nbsp;&nbsp;&nbsp;TinyGPSLocation::lat()
<LI><a href="#[1f7]">&gt;&gt;</a>&nbsp;&nbsp;&nbsp;__hardfp_atan2
<LI><a href="#[209]">&gt;&gt;</a>&nbsp;&nbsp;&nbsp;TinyGPSAltitude::kilometers()
<LI><a href="#[105]">&gt;&gt;</a>&nbsp;&nbsp;&nbsp;_fp_value
<LI><a href="#[240]">&gt;&gt;</a>&nbsp;&nbsp;&nbsp;__mathlib_dbl_invalid
<LI><a href="#[236]">&gt;&gt;</a>&nbsp;&nbsp;&nbsp;__hardfp_atan
<LI><a href="#[24e]">&gt;&gt;</a>&nbsp;&nbsp;&nbsp;_fp_digits
</UL>

<P><STRONG><a name="[f7]"></a>__aeabi_i2d</STRONG> (Thumb, 34 bytes, Stack size 16 bytes, dflti.o(.text))
<BR><BR>[Stack]<UL><LI>Max Depth = 56<LI>Call Chain = __aeabi_i2d &rArr; _double_epilogue &rArr; _double_round
</UL>
<BR>[Calls]<UL><LI><a href="#[f1]">&gt;&gt;</a>&nbsp;&nbsp;&nbsp;_double_epilogue
</UL>
<BR>[Called By]<UL><LI><a href="#[263]">&gt;&gt;</a>&nbsp;&nbsp;&nbsp;get_gps_data
<LI><a href="#[209]">&gt;&gt;</a>&nbsp;&nbsp;&nbsp;TinyGPSAltitude::kilometers()
<LI><a href="#[241]">&gt;&gt;</a>&nbsp;&nbsp;&nbsp;__ieee754_rem_pio2
</UL>

<P><STRONG><a name="[f8]"></a>__aeabi_ui2d</STRONG> (Thumb, 26 bytes, Stack size 16 bytes, dfltui.o(.text))
<BR><BR>[Stack]<UL><LI>Max Depth = 56<LI>Call Chain = __aeabi_ui2d &rArr; _double_epilogue &rArr; _double_round
</UL>
<BR>[Calls]<UL><LI><a href="#[f1]">&gt;&gt;</a>&nbsp;&nbsp;&nbsp;_double_epilogue
</UL>
<BR>[Called By]<UL><LI><a href="#[20b]">&gt;&gt;</a>&nbsp;&nbsp;&nbsp;TinyGPSLocation::lng()
<LI><a href="#[20a]">&gt;&gt;</a>&nbsp;&nbsp;&nbsp;TinyGPSLocation::lat()
<LI><a href="#[241]">&gt;&gt;</a>&nbsp;&nbsp;&nbsp;__ieee754_rem_pio2
</UL>

<P><STRONG><a name="[f9]"></a>__aeabi_d2iz</STRONG> (Thumb, 62 bytes, Stack size 16 bytes, dfixi.o(.text))
<BR><BR>[Stack]<UL><LI>Max Depth = 16<LI>Call Chain = __aeabi_d2iz
</UL>
<BR>[Calls]<UL><LI><a href="#[e0]">&gt;&gt;</a>&nbsp;&nbsp;&nbsp;__aeabi_llsr
</UL>
<BR>[Called By]<UL><LI><a href="#[3b6]">&gt;&gt;</a>&nbsp;&nbsp;&nbsp;write_gpx
<LI><a href="#[241]">&gt;&gt;</a>&nbsp;&nbsp;&nbsp;__ieee754_rem_pio2
<LI><a href="#[243]">&gt;&gt;</a>&nbsp;&nbsp;&nbsp;__kernel_cos
</UL>

<P><STRONG><a name="[19b]"></a>__aeabi_f2d</STRONG> (Thumb, 38 bytes, Stack size 0 bytes, f2d.o(.text))
<BR><BR>[Called By]<UL><LI><a href="#[59]">&gt;&gt;</a>&nbsp;&nbsp;&nbsp;dial_plate_style1
<LI><a href="#[3b6]">&gt;&gt;</a>&nbsp;&nbsp;&nbsp;write_gpx
<LI><a href="#[1ce]">&gt;&gt;</a>&nbsp;&nbsp;&nbsp;Wave_Widget
<LI><a href="#[1c7]">&gt;&gt;</a>&nbsp;&nbsp;&nbsp;ParameterSetting_Widget_Style2
<LI><a href="#[56]">&gt;&gt;</a>&nbsp;&nbsp;&nbsp;ParameterSetting_Widget_Style1
<LI><a href="#[199]">&gt;&gt;</a>&nbsp;&nbsp;&nbsp;Draw_TextPage
</UL>

<P><STRONG><a name="[528]"></a>__aeabi_cdcmpeq</STRONG> (Thumb, 0 bytes, Stack size 0 bytes, cdcmple.o(.text))
<BR><BR>[Called By]<UL><LI><a href="#[3b6]">&gt;&gt;</a>&nbsp;&nbsp;&nbsp;write_gpx
</UL>

<P><STRONG><a name="[53b]"></a>__aeabi_cdcmple</STRONG> (Thumb, 48 bytes, Stack size 0 bytes, cdcmple.o(.text), UNUSED)

<P><STRONG><a name="[fa]"></a>__aeabi_d2f</STRONG> (Thumb, 56 bytes, Stack size 8 bytes, d2f.o(.text))
<BR><BR>[Stack]<UL><LI>Max Depth = 8<LI>Call Chain = __aeabi_d2f
</UL>
<BR>[Calls]<UL><LI><a href="#[fb]">&gt;&gt;</a>&nbsp;&nbsp;&nbsp;_float_round
</UL>
<BR>[Called By]<UL><LI><a href="#[4b]">&gt;&gt;</a>&nbsp;&nbsp;&nbsp;app_gps_data_update
<LI><a href="#[3b4]">&gt;&gt;</a>&nbsp;&nbsp;&nbsp;gpx_parse
<LI><a href="#[3b6]">&gt;&gt;</a>&nbsp;&nbsp;&nbsp;write_gpx
<LI><a href="#[1c7]">&gt;&gt;</a>&nbsp;&nbsp;&nbsp;ParameterSetting_Widget_Style2
<LI><a href="#[107]">&gt;&gt;</a>&nbsp;&nbsp;&nbsp;_scanf_really_real
</UL>

<P><STRONG><a name="[53c]"></a>__aeabi_uidiv</STRONG> (Thumb, 0 bytes, Stack size 12 bytes, uidiv.o(.text), UNUSED)

<P><STRONG><a name="[252]"></a>__aeabi_uidivmod</STRONG> (Thumb, 44 bytes, Stack size 12 bytes, uidiv.o(.text), UNUSED)
<BR><BR>[Called By]<UL><LI><a href="#[234]">&gt;&gt;</a>&nbsp;&nbsp;&nbsp;_printf_core
</UL>

<P><STRONG><a name="[f0]"></a>__aeabi_lasr</STRONG> (Thumb, 36 bytes, Stack size 0 bytes, llsshr.o(.text))
<BR><BR>[Called By]<UL><LI><a href="#[ef]">&gt;&gt;</a>&nbsp;&nbsp;&nbsp;__aeabi_dadd
</UL>

<P><STRONG><a name="[53d]"></a>_ll_sshift_r</STRONG> (Thumb, 0 bytes, Stack size 0 bytes, llsshr.o(.text), UNUSED)

<P><STRONG><a name="[fc]"></a>localtime</STRONG> (Thumb, 6 bytes, Stack size 0 bytes, localtime_w.o(.text))
<BR><BR>[Stack]<UL><LI>Max Depth = 8<LI>Call Chain = localtime &rArr; _localtime
</UL>
<BR>[Calls]<UL><LI><a href="#[e4]">&gt;&gt;</a>&nbsp;&nbsp;&nbsp;_localtime
</UL>
<BR>[Called By]<UL><LI><a href="#[62]">&gt;&gt;</a>&nbsp;&nbsp;&nbsp;rtc_handler
</UL>

<P><STRONG><a name="[e4]"></a>_localtime</STRONG> (Thumb, 134 bytes, Stack size 8 bytes, localtime_i.o(.text))
<BR><BR>[Stack]<UL><LI>Max Depth = 8<LI>Call Chain = _localtime
</UL>
<BR>[Called By]<UL><LI><a href="#[e3]">&gt;&gt;</a>&nbsp;&nbsp;&nbsp;mktime
<LI><a href="#[fc]">&gt;&gt;</a>&nbsp;&nbsp;&nbsp;localtime
</UL>

<P><STRONG><a name="[ff]"></a>__strtod_int</STRONG> (Thumb, 90 bytes, Stack size 40 bytes, strtod.o(.text))
<BR><BR>[Stack]<UL><LI>Max Depth = 200<LI>Call Chain = __strtod_int &rArr; _local_sscanf &rArr; _scanf_real
</UL>
<BR>[Calls]<UL><LI><a href="#[fd]">&gt;&gt;</a>&nbsp;&nbsp;&nbsp;_local_sscanf
</UL>
<BR>[Called By]<UL><LI><a href="#[1c9]">&gt;&gt;</a>&nbsp;&nbsp;&nbsp;__hardfp_atof
</UL>

<P><STRONG><a name="[ea]"></a>strtol</STRONG> (Thumb, 112 bytes, Stack size 32 bytes, strtol.o(.text))
<BR><BR>[Stack]<UL><LI>Max Depth = 72<LI>Call Chain = strtol &rArr; _strtoul
</UL>
<BR>[Calls]<UL><LI><a href="#[e2]">&gt;&gt;</a>&nbsp;&nbsp;&nbsp;__rt_ctype_table
<LI><a href="#[100]">&gt;&gt;</a>&nbsp;&nbsp;&nbsp;_strtoul
<LI><a href="#[e9]">&gt;&gt;</a>&nbsp;&nbsp;&nbsp;__aeabi_errno_addr
</UL>
<BR>[Called By]<UL><LI><a href="#[eb]">&gt;&gt;</a>&nbsp;&nbsp;&nbsp;atol
<LI><a href="#[e8]">&gt;&gt;</a>&nbsp;&nbsp;&nbsp;atoi
</UL>

[...]
</UL>
<BR>[Called By]<UL><LI><a href="#[369]">&gt;&gt;</a>&nbsp;&nbsp;&nbsp;f_unlink
<LI><a href="#[1b1]">&gt;&gt;</a>&nbsp;&nbsp;&nbsp;f_open
<LI><a href="#[35e]">&gt;&gt;</a>&nbsp;&nbsp;&nbsp;f_mkdir
</UL>

<P><STRONG><a name="[362]"></a>st_clust</STRONG> (Thumb, 40 bytes, Stack size 16 bytes, ff.o(i.st_clust))
<BR><BR>[Stack]<UL><LI>Max Depth = 16<LI>Call Chain = st_clust
</UL>
<BR>[Calls]<UL><LI><a href="#[336]">&gt;&gt;</a>&nbsp;&nbsp;&nbsp;st_word
</UL>
<BR>[Called By]<UL><LI><a href="#[1b1]">&gt;&gt;</a>&nbsp;&nbsp;&nbsp;f_open
<LI><a href="#[35e]">&gt;&gt;</a>&nbsp;&nbsp;&nbsp;f_mkdir
<LI><a href="#[350]">&gt;&gt;</a>&nbsp;&nbsp;&nbsp;f_sync
</UL>

<P><STRONG><a name="[361]"></a>st_dword</STRONG> (Thumb, 16 bytes, Stack size 0 bytes, ff.o(i.st_dword))
<BR><BR>[Called By]<UL><LI><a href="#[365]">&gt;&gt;</a>&nbsp;&nbsp;&nbsp;f_mkfs
<LI><a href="#[1b1]">&gt;&gt;</a>&nbsp;&nbsp;&nbsp;f_open
<LI><a href="#[35e]">&gt;&gt;</a>&nbsp;&nbsp;&nbsp;f_mkdir
<LI><a href="#[350]">&gt;&gt;</a>&nbsp;&nbsp;&nbsp;f_sync
<LI><a href="#[364]">&gt;&gt;</a>&nbsp;&nbsp;&nbsp;sync_fs
<LI><a href="#[31b]">&gt;&gt;</a>&nbsp;&nbsp;&nbsp;put_fat
</UL>

<P><STRONG><a name="[336]"></a>st_word</STRONG> (Thumb, 8 bytes, Stack size 0 bytes, ff.o(i.st_word))
<BR><BR>[Called By]<UL><LI><a href="#[365]">&gt;&gt;</a>&nbsp;&nbsp;&nbsp;f_mkfs
<LI><a href="#[350]">&gt;&gt;</a>&nbsp;&nbsp;&nbsp;f_sync
<LI><a href="#[364]">&gt;&gt;</a>&nbsp;&nbsp;&nbsp;sync_fs
<LI><a href="#[362]">&gt;&gt;</a>&nbsp;&nbsp;&nbsp;st_clust
<LI><a href="#[31b]">&gt;&gt;</a>&nbsp;&nbsp;&nbsp;put_fat
<LI><a href="#[333]">&gt;&gt;</a>&nbsp;&nbsp;&nbsp;dir_register
</UL>

<P><STRONG><a name="[32d]"></a>sum_sfn</STRONG> (Thumb, 26 bytes, Stack size 0 bytes, ff.o(i.sum_sfn))
<BR><BR>[Called By]<UL><LI><a href="#[333]">&gt;&gt;</a>&nbsp;&nbsp;&nbsp;dir_register
<LI><a href="#[331]">&gt;&gt;</a>&nbsp;&nbsp;&nbsp;dir_read
<LI><a href="#[32b]">&gt;&gt;</a>&nbsp;&nbsp;&nbsp;dir_find
</UL>

<P><STRONG><a name="[364]"></a>sync_fs</STRONG> (Thumb, 126 bytes, Stack size 16 bytes, ff.o(i.sync_fs))
<BR><BR>[Stack]<UL><LI>Max Depth = 72<LI>Call Chain = sync_fs &rArr; sync_window &rArr; disk_write
</UL>
<BR>[Calls]<UL><LI><a href="#[35c]">&gt;&gt;</a>&nbsp;&nbsp;&nbsp;disk_write
<LI><a href="#[33a]">&gt;&gt;</a>&nbsp;&nbsp;&nbsp;disk_ioctl
<LI><a href="#[32f]">&gt;&gt;</a>&nbsp;&nbsp;&nbsp;sync_window
<LI><a href="#[336]">&gt;&gt;</a>&nbsp;&nbsp;&nbsp;st_word
<LI><a href="#[361]">&gt;&gt;</a>&nbsp;&nbsp;&nbsp;st_dword
<LI><a href="#[31f]">&gt;&gt;</a>&nbsp;&nbsp;&nbsp;mem_set
</UL>
<BR>[Called By]<UL><LI><a href="#[369]">&gt;&gt;</a>&nbsp;&nbsp;&nbsp;f_unlink
<LI><a href="#[35e]">&gt;&gt;</a>&nbsp;&nbsp;&nbsp;f_mkdir
<LI><a href="#[350]">&gt;&gt;</a>&nbsp;&nbsp;&nbsp;f_sync
</UL>

<P><STRONG><a name="[32f]"></a>sync_window</STRONG> (Thumb, 82 bytes, Stack size 24 bytes, ff.o(i.sync_window))
<BR><BR>[Stack]<UL><LI>Max Depth = 56<LI>Call Chain = sync_window &rArr; disk_write
</UL>
<BR>[Calls]<UL><LI><a href="#[35c]">&gt;&gt;</a>&nbsp;&nbsp;&nbsp;disk_write
</UL>
<BR>[Called By]<UL><LI><a href="#[35e]">&gt;&gt;</a>&nbsp;&nbsp;&nbsp;f_mkdir
<LI><a href="#[364]">&gt;&gt;</a>&nbsp;&nbsp;&nbsp;sync_fs
<LI><a href="#[30c]">&gt;&gt;</a>&nbsp;&nbsp;&nbsp;move_window
<LI><a href="#[32e]">&gt;&gt;</a>&nbsp;&nbsp;&nbsp;dir_next
</UL>

<P><STRONG><a name="[351]"></a>validate</STRONG> (Thumb, 50 bytes, Stack size 16 bytes, ff.o(i.validate))
<BR><BR>[Stack]<UL><LI>Max Depth = 16<LI>Call Chain = validate
</UL>
<BR>[Calls]<UL><LI><a href="#[38c]">&gt;&gt;</a>&nbsp;&nbsp;&nbsp;disk_status
</UL>
<BR>[Called By]<UL><LI><a href="#[357]">&gt;&gt;</a>&nbsp;&nbsp;&nbsp;f_readdir
<LI><a href="#[1b8]">&gt;&gt;</a>&nbsp;&nbsp;&nbsp;f_write
<LI><a href="#[35b]">&gt;&gt;</a>&nbsp;&nbsp;&nbsp;f_lseek
<LI><a href="#[352]">&gt;&gt;</a>&nbsp;&nbsp;&nbsp;f_closedir
<LI><a href="#[1bd]">&gt;&gt;</a>&nbsp;&nbsp;&nbsp;f_close
<LI><a href="#[353]">&gt;&gt;</a>&nbsp;&nbsp;&nbsp;f_read
<LI><a href="#[350]">&gt;&gt;</a>&nbsp;&nbsp;&nbsp;f_sync
</UL>

<P><STRONG><a name="[4fe]"></a>u8g2_send_buffer</STRONG> (Thumb, 78 bytes, Stack size 32 bytes, u8g2_buffer.o(i.u8g2_send_buffer))
<BR><BR>[Stack]<UL><LI>Max Depth = 48<LI>Call Chain = u8g2_send_buffer &rArr; u8x8_DrawTile
</UL>
<BR>[Calls]<UL><LI><a href="#[50f]">&gt;&gt;</a>&nbsp;&nbsp;&nbsp;u8x8_DrawTile
</UL>
<BR>[Called By]<UL><LI><a href="#[183]">&gt;&gt;</a>&nbsp;&nbsp;&nbsp;u8g2_SendBuffer
</UL>

<P><STRONG><a name="[4ed]"></a>u8g2_draw_circle</STRONG> (Thumb, 106 bytes, Stack size 64 bytes, u8g2_circle.o(i.u8g2_draw_circle))
<BR><BR>[Stack]<UL><LI>Max Depth = 180<LI>Call Chain = u8g2_draw_circle &rArr; u8g2_draw_circle_section &rArr; u8g2_DrawPixel &rArr; u8g2_DrawHVLine &rArr; u8g2_clip_intersection2
</UL>
<BR>[Calls]<UL><LI><a href="#[506]">&gt;&gt;</a>&nbsp;&nbsp;&nbsp;u8g2_draw_circle_section
</UL>
<BR>[Called By]<UL><LI><a href="#[4ec]">&gt;&gt;</a>&nbsp;&nbsp;&nbsp;u8g2_DrawCircle
</UL>

<P><STRONG><a name="[506]"></a>u8g2_draw_circle_section</STRONG> (Thumb, 186 bytes, Stack size 64 bytes, u8g2_circle.o(i.u8g2_draw_circle_section))
<BR><BR>[Stack]<UL><LI>Max Depth = 116<LI>Call Chain = u8g2_draw_circle_section &rArr; u8g2_DrawPixel &rArr; u8g2_DrawHVLine &rArr; u8g2_clip_intersection2
</UL>
<BR>[Calls]<UL><LI><a href="#[4f6]">&gt;&gt;</a>&nbsp;&nbsp;&nbsp;u8g2_DrawPixel
</UL>
<BR>[Called By]<UL><LI><a href="#[4ed]">&gt;&gt;</a>&nbsp;&nbsp;&nbsp;u8g2_draw_circle
</UL>

<P><STRONG><a name="[4ef]"></a>u8g2_draw_disc</STRONG> (Thumb, 106 bytes, Stack size 64 bytes, u8g2_circle.o(i.u8g2_draw_disc))
<BR><BR>[Stack]<UL><LI>Max Depth = 188<LI>Call Chain = u8g2_draw_disc &rArr; u8g2_draw_disc_section &rArr; u8g2_DrawVLine &rArr; u8g2_DrawHVLine &rArr; u8g2_clip_intersection2
</UL>
<BR>[Calls]<UL><LI><a href="#[507]">&gt;&gt;</a>&nbsp;&nbsp;&nbsp;u8g2_draw_disc_section
</UL>
<BR>[Called By]<UL><LI><a href="#[4ee]">&gt;&gt;</a>&nbsp;&nbsp;&nbsp;u8g2_DrawDisc
</UL>

<P><STRONG><a name="[507]"></a>u8g2_draw_disc_section</STRONG> (Thumb, 204 bytes, Stack size 64 bytes, u8g2_circle.o(i.u8g2_draw_disc_section))
<BR><BR>[Stack]<UL><LI>Max Depth = 124<LI>Call Chain = u8g2_draw_disc_section &rArr; u8g2_DrawVLine &rArr; u8g2_DrawHVLine &rArr; u8g2_clip_intersection2
</UL>
<BR>[Calls]<UL><LI><a href="#[4f7]">&gt;&gt;</a>&nbsp;&nbsp;&nbsp;u8g2_DrawVLine
</UL>
<BR>[Called By]<UL><LI><a href="#[4ef]">&gt;&gt;</a>&nbsp;&nbsp;&nbsp;u8g2_draw_disc
</UL>

<P><STRONG><a name="[4f8]"></a>u8g2_draw_string</STRONG> (Thumb, 118 bytes, Stack size 32 bytes, u8g2_font.o(i.u8g2_draw_string))
<BR><BR>[Stack]<UL><LI>Max Depth = 196<LI>Call Chain = u8g2_draw_string &rArr; u8g2_DrawGlyph &rArr; u8g2_font_decode_glyph &rArr; u8g2_font_decode_len &rArr; u8g2_DrawHVLine &rArr; u8g2_clip_intersection2
</UL>
<BR>[Calls]<UL><LI><a href="#[509]">&gt;&gt;</a>&nbsp;&nbsp;&nbsp;u8x8_utf8_init
<LI><a href="#[4f0]">&gt;&gt;</a>&nbsp;&nbsp;&nbsp;u8g2_DrawGlyph
</UL>
<BR>[Called By]<UL><LI><a href="#[17e]">&gt;&gt;</a>&nbsp;&nbsp;&nbsp;u8g2_DrawUTF8
<LI><a href="#[174]">&gt;&gt;</a>&nbsp;&nbsp;&nbsp;u8g2_DrawStr
</UL>

<P><STRONG><a name="[50e]"></a>u8g2_font_get_word</STRONG> (Thumb, 20 bytes, Stack size 0 bytes, u8g2_font.o(i.u8g2_font_get_word))
<BR><BR>[Called By]<UL><LI><a href="#[500]">&gt;&gt;</a>&nbsp;&nbsp;&nbsp;u8g2_read_font_info
<LI><a href="#[4f1]">&gt;&gt;</a>&nbsp;&nbsp;&nbsp;u8g2_font_get_glyph_data
</UL>

<P><STRONG><a name="[4fa]"></a>u8g2_font_setup_decode</STRONG> (Thumb, 52 bytes, Stack size 12 bytes, u8g2_font.o(i.u8g2_font_setup_decode))
<BR><BR>[Stack]<UL><LI>Max Depth = 24<LI>Call Chain = u8g2_font_setup_decode &rArr; u8g2_font_decode_get_unsigned_bits
</UL>
<BR>[Calls]<UL><LI><a href="#[50a]">&gt;&gt;</a>&nbsp;&nbsp;&nbsp;u8g2_font_decode_get_unsigned_bits
</UL>
<BR>[Called By]<UL><LI><a href="#[4f2]">&gt;&gt;</a>&nbsp;&nbsp;&nbsp;u8g2_font_decode_glyph
<LI><a href="#[4f9]">&gt;&gt;</a>&nbsp;&nbsp;&nbsp;u8g2_GetGlyphWidth
</UL>

<P><STRONG><a name="[4fc]"></a>u8g2_string_width</STRONG> (Thumb, 116 bytes, Stack size 32 bytes, u8g2_font.o(i.u8g2_string_width))
<BR><BR>[Stack]<UL><LI>Max Depth = 72<LI>Call Chain = u8g2_string_width &rArr; u8g2_GetGlyphWidth &rArr; u8g2_font_setup_decode &rArr; u8g2_font_decode_get_unsigned_bits
</UL>
<BR>[Calls]<UL><LI><a href="#[509]">&gt;&gt;</a>&nbsp;&nbsp;&nbsp;u8x8_utf8_init
<LI><a href="#[4f9]">&gt;&gt;</a>&nbsp;&nbsp;&nbsp;u8g2_GetGlyphWidth
</UL>
<BR>[Called By]<UL><LI><a href="#[182]">&gt;&gt;</a>&nbsp;&nbsp;&nbsp;u8g2_GetUTF8Width
<LI><a href="#[181]">&gt;&gt;</a>&nbsp;&nbsp;&nbsp;u8g2_GetStrWidth
</UL>

<P><STRONG><a name="[4f4]"></a>u8g2_clip_intersection2</STRONG> (Thumb, 60 bytes, Stack size 12 bytes, u8g2_hvline.o(i.u8g2_clip_intersection2))
<BR><BR>[Stack]<UL><LI>Max Depth = 12<LI>Call Chain = u8g2_clip_intersection2
</UL>
<BR>[Called By]<UL><LI><a href="#[4eb]">&gt;&gt;</a>&nbsp;&nbsp;&nbsp;u8g2_DrawHVLine
</UL>

<P><STRONG><a name="[505]"></a>u8g2_apply_clip_window</STRONG> (Thumb, 110 bytes, Stack size 16 bytes, u8g2_setup.o(i.u8g2_apply_clip_window))
<BR><BR>[Stack]<UL><LI>Max Depth = 32<LI>Call Chain = u8g2_apply_clip_window &rArr; u8g2_IsIntersection
</UL>
<BR>[Calls]<UL><LI><a href="#[4ea]">&gt;&gt;</a>&nbsp;&nbsp;&nbsp;u8g2_IsIntersection
</UL>
<BR>[Called By]<UL><LI><a href="#[be]">&gt;&gt;</a>&nbsp;&nbsp;&nbsp;u8g2_update_page_win_r2
</UL>

<P><STRONG><a name="[510]"></a>u8g2_update_dimension_common</STRONG> (Thumb, 70 bytes, Stack size 20 bytes, u8g2_setup.o(i.u8g2_update_dimension_common))
<BR><BR>[Stack]<UL><LI>Max Depth = 20<LI>Call Chain = u8g2_update_dimension_common
</UL>
<BR>[Called By]<UL><LI><a href="#[bd]">&gt;&gt;</a>&nbsp;&nbsp;&nbsp;u8g2_update_dimension_r2
</UL>

<P><STRONG><a name="[519]"></a>u8x8_d_ssd1306_sh1106_generic</STRONG> (Thumb, 196 bytes, Stack size 24 bytes, u8x8_d_ssd1306_128x64_noname.o(i.u8x8_d_ssd1306_sh1106_generic))
<BR><BR>[Stack]<UL><LI>Max Depth = 56<LI>Call Chain = u8x8_d_ssd1306_sh1106_generic &rArr; u8x8_cad_SendSequence &rArr; u8x8_cad_SendData
</UL>
<BR>[Calls]<UL><LI><a href="#[51b]">&gt;&gt;</a>&nbsp;&nbsp;&nbsp;u8x8_cad_StartTransfer
<LI><a href="#[515]">&gt;&gt;</a>&nbsp;&nbsp;&nbsp;u8x8_cad_SendSequence
<LI><a href="#[516]">&gt;&gt;</a>&nbsp;&nbsp;&nbsp;u8x8_cad_SendData
<LI><a href="#[51c]">&gt;&gt;</a>&nbsp;&nbsp;&nbsp;u8x8_cad_SendCmd
<LI><a href="#[51d]">&gt;&gt;</a>&nbsp;&nbsp;&nbsp;u8x8_cad_SendArg
<LI><a href="#[51e]">&gt;&gt;</a>&nbsp;&nbsp;&nbsp;u8x8_cad_EndTransfer
</UL>
<BR>[Called By]<UL><LI><a href="#[99]">&gt;&gt;</a>&nbsp;&nbsp;&nbsp;u8x8_d_sh1106_128x64_noname
</UL>

<P><STRONG><a name="[d5]"></a>__sti___12_GPX_Link_cpp_377852a0</STRONG> (Thumb, 20 bytes, Stack size 8 bytes, GPX_Link.o(i.__sti___12_GPX_Link_cpp_377852a0))
<BR><BR>[Stack]<UL><LI>Max Depth = 168<LI>Call Chain = __sti___12_GPX_Link_cpp_377852a0 &rArr; GPX::GPX() &rArr; String::String(const char*) &rArr; String::copy(const char*, unsigned) &rArr; String::reserve(unsigned) &rArr; String::changeBuffer(unsigned) &rArr; realloc &rArr; malloc &rArr; internal_alloc &rArr; __aeabi_memcpy
</UL>
<BR>[Calls]<UL><LI><a href="#[225]">&gt;&gt;</a>&nbsp;&nbsp;&nbsp;GPX::GPX()
<LI><a href="#[ec]">&gt;&gt;</a>&nbsp;&nbsp;&nbsp;__aeabi_atexit
</UL>
<BR>[Address Reference Count : 1]<UL><LI> GPX_Link.o(.init_array)
</UL>
<P><STRONG><a name="[1dc]"></a>nrf_gpio_cfg_output</STRONG> (Thumb, 24 bytes, Stack size 8 bytes, sdcard.o(i.nrf_gpio_cfg_output))
<BR><BR>[Stack]<UL><LI>Max Depth = 8<LI>Call Chain = nrf_gpio_cfg_output
</UL>
<BR>[Calls]<UL><LI><a href="#[440]">&gt;&gt;</a>&nbsp;&nbsp;&nbsp;nrf_gpio_pin_port_decode
</UL>
<BR>[Called By]<UL><LI><a href="#[147]">&gt;&gt;</a>&nbsp;&nbsp;&nbsp;SDcard_Init
<LI><a href="#[7f]">&gt;&gt;</a>&nbsp;&nbsp;&nbsp;SDcard_Init_for_UI
</UL>

<P><STRONG><a name="[1dd]"></a>nrf_gpio_pin_clear</STRONG> (Thumb, 20 bytes, Stack size 8 bytes, sdcard.o(i.nrf_gpio_pin_clear))
<BR><BR>[Stack]<UL><LI>Max Depth = 8<LI>Call Chain = nrf_gpio_pin_clear
</UL>
<BR>[Calls]<UL><LI><a href="#[440]">&gt;&gt;</a>&nbsp;&nbsp;&nbsp;nrf_gpio_pin_port_decode
</UL>
<BR>[Called By]<UL><LI><a href="#[147]">&gt;&gt;</a>&nbsp;&nbsp;&nbsp;SDcard_Init
<LI><a href="#[7f]">&gt;&gt;</a>&nbsp;&nbsp;&nbsp;SDcard_Init_for_UI
</UL>

<P><STRONG><a name="[440]"></a>nrf_gpio_pin_port_decode</STRONG> (Thumb, 22 bytes, Stack size 0 bytes, sdcard.o(i.nrf_gpio_pin_port_decode))
<BR><BR>[Called By]<UL><LI><a href="#[1dd]">&gt;&gt;</a>&nbsp;&nbsp;&nbsp;nrf_gpio_pin_clear
<LI><a href="#[1dc]">&gt;&gt;</a>&nbsp;&nbsp;&nbsp;nrf_gpio_cfg_output
</UL>

<P><STRONG><a name="[d6]"></a>__sti___20_TinyGPSPlus_link_cpp_ff3a03c6</STRONG> (Thumb, 6 bytes, Stack size 0 bytes, TinyGPSPlus_link.o(i.__sti___20_TinyGPSPlus_link_cpp_ff3a03c6))
<BR><BR>[Stack]<UL><LI>Max Depth = 8<LI>Call Chain = __sti___20_TinyGPSPlus_link_cpp_ff3a03c6 &rArr; TinyGPSPlus::TinyGPSPlus()
</UL>
<BR>[Calls]<UL><LI><a href="#[204]">&gt;&gt;</a>&nbsp;&nbsp;&nbsp;TinyGPSPlus::TinyGPSPlus()
</UL>
<BR>[Address Reference Count : 1]<UL><LI> TinyGPSPlus_link.o(.init_array)
</UL>
<P><STRONG><a name="[481]"></a>nrf_delay_ms</STRONG> (Thumb, 28 bytes, Stack size 24 bytes, hal_u8g2.o(i.nrf_delay_ms))
<BR><BR>[Stack]<UL><LI>Max Depth = 24<LI>Call Chain = nrf_delay_ms
</UL>
<BR>[Called By]<UL><LI><a href="#[4d]">&gt;&gt;</a>&nbsp;&nbsp;&nbsp;u8x8_gpio_and_delay_hw
<LI><a href="#[480]">&gt;&gt;</a>&nbsp;&nbsp;&nbsp;oled_spi_init
</UL>

<P><STRONG><a name="[43a]"></a>nrf_gpio_cfg</STRONG> (Thumb, 50 bytes, Stack size 40 bytes, hal_u8g2.o(i.nrf_gpio_cfg))
<BR><BR>[Stack]<UL><LI>Max Depth = 40<LI>Call Chain = nrf_gpio_cfg
</UL>
<BR>[Calls]<UL><LI><a href="#[43b]">&gt;&gt;</a>&nbsp;&nbsp;&nbsp;nrf_gpio_pin_port_decode
</UL>
<BR>[Called By]<UL><LI><a href="#[4e]">&gt;&gt;</a>&nbsp;&nbsp;&nbsp;u8x8_byte_hw_spi
<LI><a href="#[441]">&gt;&gt;</a>&nbsp;&nbsp;&nbsp;nrf_gpio_cfg_output
</UL>

<P><STRONG><a name="[441]"></a>nrf_gpio_cfg_output</STRONG> (Thumb, 20 bytes, Stack size 16 bytes, hal_u8g2.o(i.nrf_gpio_cfg_output))
<BR><BR>[Stack]<UL><LI>Max Depth = 56<LI>Call Chain = nrf_gpio_cfg_output &rArr; nrf_gpio_cfg
</UL>
<BR>[Calls]<UL><LI><a href="#[43a]">&gt;&gt;</a>&nbsp;&nbsp;&nbsp;nrf_gpio_cfg
</UL>
<BR>[Called By]<UL><LI><a href="#[4e]">&gt;&gt;</a>&nbsp;&nbsp;&nbsp;u8x8_byte_hw_spi
<LI><a href="#[480]">&gt;&gt;</a>&nbsp;&nbsp;&nbsp;oled_spi_init
</UL>

<P><STRONG><a name="[445]"></a>nrf_gpio_pin_clear</STRONG> (Thumb, 20 bytes, Stack size 8 bytes, hal_u8g2.o(i.nrf_gpio_pin_clear))
<BR><BR>[Stack]<UL><LI>Max Depth = 8<LI>Call Chain = nrf_gpio_pin_clear
</UL>
<BR>[Calls]<UL><LI><a href="#[43b]">&gt;&gt;</a>&nbsp;&nbsp;&nbsp;nrf_gpio_pin_port_decode
</UL>
<BR>[Called By]<UL><LI><a href="#[4e]">&gt;&gt;</a>&nbsp;&nbsp;&nbsp;u8x8_byte_hw_spi
<LI><a href="#[480]">&gt;&gt;</a>&nbsp;&nbsp;&nbsp;oled_spi_init
</UL>

<P><STRONG><a name="[43b]"></a>nrf_gpio_pin_port_decode</STRONG> (Thumb, 22 bytes, Stack size 0 bytes, hal_u8g2.o(i.nrf_gpio_pin_port_decode))
<BR><BR>[Called By]<UL><LI><a href="#[446]">&gt;&gt;</a>&nbsp;&nbsp;&nbsp;nrf_gpio_pin_set
<LI><a href="#[445]">&gt;&gt;</a>&nbsp;&nbsp;&nbsp;nrf_gpio_pin_clear
<LI><a href="#[43a]">&gt;&gt;</a>&nbsp;&nbsp;&nbsp;nrf_gpio_cfg
</UL>

<P><STRONG><a name="[446]"></a>nrf_gpio_pin_set</STRONG> (Thumb, 20 bytes, Stack size 8 bytes, hal_u8g2.o(i.nrf_gpio_pin_set))
<BR><BR>[Stack]<UL><LI>Max Depth = 8<LI>Call Chain = nrf_gpio_pin_set
</UL>
<BR>[Calls]<UL><LI><a href="#[43b]">&gt;&gt;</a>&nbsp;&nbsp;&nbsp;nrf_gpio_pin_port_decode
</UL>
<BR>[Called By]<UL><LI><a href="#[4e]">&gt;&gt;</a>&nbsp;&nbsp;&nbsp;u8x8_byte_hw_spi
<LI><a href="#[480]">&gt;&gt;</a>&nbsp;&nbsp;&nbsp;oled_spi_init
</UL>

<P><STRONG><a name="[480]"></a>oled_spi_init</STRONG> (Thumb, 152 bytes, Stack size 24 bytes, hal_u8g2.o(i.oled_spi_init))
<BR><BR>[Stack]<UL><LI>Max Depth = 228<LI>Call Chain = oled_spi_init &rArr; nrf_log_frontend_std_0 &rArr; std_n &rArr; nrf_log_frontend_dequeue &rArr;  nrf_log_frontend_std_0 (Cycle)
</UL>
<BR>[Calls]<UL><LI><a href="#[136]">&gt;&gt;</a>&nbsp;&nbsp;&nbsp;nrf_log_frontend_std_0
<LI><a href="#[41f]">&gt;&gt;</a>&nbsp;&nbsp;&nbsp;nrfx_spim_init
<LI><a href="#[149]">&gt;&gt;</a>&nbsp;&nbsp;&nbsp;__aeabi_memcpy4
<LI><a href="#[446]">&gt;&gt;</a>&nbsp;&nbsp;&nbsp;nrf_gpio_pin_set
<LI><a href="#[445]">&gt;&gt;</a>&nbsp;&nbsp;&nbsp;nrf_gpio_pin_clear
<LI><a href="#[441]">&gt;&gt;</a>&nbsp;&nbsp;&nbsp;nrf_gpio_cfg_output
<LI><a href="#[481]">&gt;&gt;</a>&nbsp;&nbsp;&nbsp;nrf_delay_ms
</UL>
<BR>[Called By]<UL><LI><a href="#[4e]">&gt;&gt;</a>&nbsp;&nbsp;&nbsp;u8x8_byte_hw_spi
</UL>

<P><STRONG><a name="[24e]"></a>_fp_digits</STRONG> (Thumb, 366 bytes, Stack size 64 bytes, printfa.o(i._fp_digits), UNUSED)
<BR><BR>[Calls]<UL><LI><a href="#[f5]">&gt;&gt;</a>&nbsp;&nbsp;&nbsp;__aeabi_dmul
<LI><a href="#[f6]">&gt;&gt;</a>&nbsp;&nbsp;&nbsp;__aeabi_ddiv
<LI><a href="#[ef]">&gt;&gt;</a>&nbsp;&nbsp;&nbsp;__aeabi_dadd
<LI><a href="#[df]">&gt;&gt;</a>&nbsp;&nbsp;&nbsp;__aeabi_uldivmod
<LI><a href="#[103]">&gt;&gt;</a>&nbsp;&nbsp;&nbsp;__aeabi_d2ulz
<LI><a href="#[24f]">&gt;&gt;</a>&nbsp;&nbsp;&nbsp;__aeabi_cdrcmple
</UL>
<BR>[Called By]<UL><LI><a href="#[234]">&gt;&gt;</a>&nbsp;&nbsp;&nbsp;_printf_core
</UL>

<P><STRONG><a name="[234]"></a>_printf_core</STRONG> (Thumb, 1744 bytes, Stack size 136 bytes, printfa.o(i._printf_core), UNUSED)
<BR><BR>[Calls]<UL><LI><a href="#[df]">&gt;&gt;</a>&nbsp;&nbsp;&nbsp;__aeabi_uldivmod
<LI><a href="#[252]">&gt;&gt;</a>&nbsp;&nbsp;&nbsp;__aeabi_uidivmod
<LI><a href="#[250]">&gt;&gt;</a>&nbsp;&nbsp;&nbsp;_printf_pre_padding
<LI><a href="#[251]">&gt;&gt;</a>&nbsp;&nbsp;&nbsp;_printf_post_padding
<LI><a href="#[24e]">&gt;&gt;</a>&nbsp;&nbsp;&nbsp;_fp_digits
</UL>
<BR>[Called By]<UL><LI><a href="#[235]">&gt;&gt;</a>&nbsp;&nbsp;&nbsp;__0sprintf
<LI><a href="#[233]">&gt;&gt;</a>&nbsp;&nbsp;&nbsp;__0snprintf
</UL>

<P><STRONG><a name="[251]"></a>_printf_post_padding</STRONG> (Thumb, 36 bytes, Stack size 24 bytes, printfa.o(i._printf_post_padding), UNUSED)
<BR><BR>[Called By]<UL><LI><a href="#[234]">&gt;&gt;</a>&nbsp;&nbsp;&nbsp;_printf_core
</UL>

<P><STRONG><a name="[250]"></a>_printf_pre_padding</STRONG> (Thumb, 46 bytes, Stack size 24 bytes, printfa.o(i._printf_pre_padding), UNUSED)
<BR><BR>[Called By]<UL><LI><a href="#[234]">&gt;&gt;</a>&nbsp;&nbsp;&nbsp;_printf_core
</UL>

<P><STRONG><a name="[63]"></a>_snputc</STRONG> (Thumb, 22 bytes, Stack size 0 bytes, printfa.o(i._snputc))
<BR>[Address Reference Count : 1]<UL><LI> printfa.o(i.__0snprintf)
</UL>
<P><STRONG><a name="[64]"></a>_sputc</STRONG> (Thumb, 10 bytes, Stack size 0 bytes, printfa.o(i._sputc))
<BR><BR>[Called By]<UL><LI><a href="#[235]">&gt;&gt;</a>&nbsp;&nbsp;&nbsp;__0sprintf
</UL>
<BR>[Address Reference Count : 1]<UL><LI> printfa.o(i.__0sprintf)
</UL>
<P><STRONG><a name="[249]"></a>internal_alloc</STRONG> (Thumb, 76 bytes, Stack size 24 bytes, mallocr.o(i.internal_alloc))
<BR><BR>[Stack]<UL><LI>Max Depth = 32<LI>Call Chain = internal_alloc &rArr; __aeabi_memcpy
</UL>
<BR>[Calls]<UL><LI><a href="#[1a2]">&gt;&gt;</a>&nbsp;&nbsp;&nbsp;__aeabi_memcpy
</UL>
<BR>[Called By]<UL><LI><a href="#[228]">&gt;&gt;</a>&nbsp;&nbsp;&nbsp;realloc
<LI><a href="#[ed]">&gt;&gt;</a>&nbsp;&nbsp;&nbsp;malloc
</UL>

<P><STRONG><a name="[fd]"></a>_local_sscanf</STRONG> (Thumb, 54 bytes, Stack size 56 bytes, strtod.o(.text))
<BR><BR>[Stack]<UL><LI>Max Depth = 160<LI>Call Chain = _local_sscanf &rArr; _scanf_real
</UL>
<BR>[Calls]<UL><LI><a href="#[fe]">&gt;&gt;</a>&nbsp;&nbsp;&nbsp;_scanf_real
</UL>
<BR>[Called By]<UL><LI><a href="#[ff]">&gt;&gt;</a>&nbsp;&nbsp;&nbsp;__strtod_int
</UL>

<P><STRONG><a name="[105]"></a>_fp_value</STRONG> (Thumb, 296 bytes, Stack size 64 bytes, scanf_fp.o(.text), UNUSED)
<BR><BR>[Calls]<UL><LI><a href="#[f5]">&gt;&gt;</a>&nbsp;&nbsp;&nbsp;__aeabi_dmul
<LI><a href="#[f6]">&gt;&gt;</a>&nbsp;&nbsp;&nbsp;__aeabi_ddiv
<LI><a href="#[106]">&gt;&gt;</a>&nbsp;&nbsp;&nbsp;__aeabi_ul2d
</UL>
<BR>[Called By]<UL><LI><a href="#[107]">&gt;&gt;</a>&nbsp;&nbsp;&nbsp;_scanf_really_real
</UL>
<P>
<H3>
Undefined Global Symbols
</H3><HR></body></html>
